Component: ARM Compiler 5.06 update 4 (build 422) Tool: armlink [4d35d2]

==============================================================================

Section Cross References

    startup_mono.o(STACK) refers (Special) to heapauxi.o(.text) for __use_two_region_memory
    startup_mono.o(HEAP) refers (Special) to heapauxi.o(.text) for __use_two_region_memory
    startup_mono.o(RESET) refers (Special) to heapauxi.o(.text) for __use_two_region_memory
    startup_mono.o(RESET) refers to startup_mono.o(STACK) for __initial_sp
    startup_mono.o(RESET) refers to startup_mono.o(.text) for Reset_Handler
    startup_mono.o(RESET) refers to port.o(i.SVC_Handler) for SVC_Handler
    startup_mono.o(RESET) refers to port.o(.emb_text) for PendSV_Handler
    startup_mono.o(RESET) refers to port.o(i.SysTick_Handler) for SysTick_Handler
    startup_mono.o(RESET) refers to task_usb.o(i.USB_IRQHandler) for USB_IRQHandler
    startup_mono.o(.text) refers (Special) to heapauxi.o(.text) for __use_two_region_memory
    startup_mono.o(.text) refers to system_mono.o(i.SystemInit) for SystemInit
    startup_mono.o(.text) refers to __main.o(!!!main) for __main
    startup_mono.o(.text) refers to startup_mono.o(HEAP) for Heap_Mem
    startup_mono.o(.text) refers to startup_mono.o(STACK) for Stack_Mem
    main.o(i.MatrixTask) refers to matrix.o(i.matrix_init) for matrix_init
    main.o(i.MatrixTask) refers to matrix.o(i.matrix_task) for matrix_task
    main.o(i.bspInit) refers to usbd_core.o(i.USBD_Init) for USBD_Init
    main.o(i.bspInit) refers to usbd_core.o(i.USBD_Connect) for USBD_Connect
    main.o(i.bspInit) refers to system_mono.o(.data) for SystemCoreClock
    main.o(i.main) refers to main.o(i.bspInit) for bspInit
    main.o(i.main) refers to queue.o(i.xQueueGenericCreate) for xQueueGenericCreate
    main.o(i.main) refers to queue.o(i.xQueueCreateMutex) for xQueueCreateMutex
    main.o(i.main) refers to tasks.o(i.xTaskCreate) for xTaskCreate
    main.o(i.main) refers to tasks.o(i.vTaskStartScheduler) for vTaskStartScheduler
    main.o(i.main) refers to main.o(.data) for .data
    main.o(i.main) refers to main.o(i.MatrixTask) for MatrixTask
    main.o(i.main) refers to task_app.o(i.APPTask) for APPTask
    usbd_hid.o(i.USBD_EndPoint0_Out_HID_Req) refers to usbd_user_hid.o(i.USBD_User_HID_SetReport) for USBD_User_HID_SetReport
    usbd_hid.o(i.USBD_EndPoint0_Out_HID_Req) refers to usbd_core.o(.bss) for UsbdCoreInfo
    usbd_hid.o(i.USBD_EndPoint0_Setup_HID_Req) refers to usbd_hid.o(i.__ARM_common_switch8) for __ARM_common_switch8
    usbd_hid.o(i.USBD_EndPoint0_Setup_HID_Req) refers to usbd_user_hid.o(i.USBD_User_HID_GetReport) for USBD_User_HID_GetReport
    usbd_hid.o(i.USBD_EndPoint0_Setup_HID_Req) refers to usbd_user_hid.o(i.USBD_User_HID_GetIdle) for USBD_User_HID_GetIdle
    usbd_hid.o(i.USBD_EndPoint0_Setup_HID_Req) refers to usbd_user_hid.o(i.USBD_User_HID_GetProtocol) for USBD_User_HID_GetProtocol
    usbd_hid.o(i.USBD_EndPoint0_Setup_HID_Req) refers to usbd_user_hid.o(i.USBD_User_HID_SetReport) for USBD_User_HID_SetReport
    usbd_hid.o(i.USBD_EndPoint0_Setup_HID_Req) refers to usbd_user_hid.o(i.USBD_User_HID_SetIdle) for USBD_User_HID_SetIdle
    usbd_hid.o(i.USBD_EndPoint0_Setup_HID_Req) refers to usbd_user_hid.o(i.USBD_User_HID_SetProtocol) for USBD_User_HID_SetProtocol
    usbd_hid.o(i.USBD_EndPoint0_Setup_HID_Req) refers to usbd_user_desc.o(i.USBD_User_GetHIDDescriptor) for USBD_User_GetHIDDescriptor
    usbd_hid.o(i.USBD_EndPoint0_Setup_HID_Req) refers to usbd_core.o(.bss) for UsbdCoreInfo
    usbd_user.o(i.USBD_User_Connect) refers to mono_gpio.o(i.GPIO_Init) for GPIO_Init
    usbd_user.o(i.USBD_User_EP1_IN) refers to usbd_user_hid.o(.data) for hid_ep1_in_xfer_flag
    usbd_user.o(i.USBD_User_EP2_IN) refers to usbd_user_hid.o(.data) for hid_ep2_in_xfer_flag
    usbd_user.o(i.USBD_User_EndPoint0_Out) refers to usbd_hid.o(i.USBD_EndPoint0_Out_HID_Req) for USBD_EndPoint0_Out_HID_Req
    usbd_user.o(i.USBD_User_EndPoint0_Out) refers to usbd_core.o(.bss) for UsbdCoreInfo
    usbd_user.o(i.USBD_User_EndPoint0_Setup) refers to usbd_hid.o(i.USBD_EndPoint0_Setup_HID_Req) for USBD_EndPoint0_Setup_HID_Req
    usbd_user.o(i.USBD_User_EndPoint0_Setup) refers to usbd_core.o(.bss) for UsbdCoreInfo
    usbd_user.o(i.USBD_User_Reset) refers to usbd_user_hid.o(.data) for hid_ep2_in_xfer_flag
    usbd_user.o(i.USBD_User_Reset) refers to usbd_user_hid.o(.data) for hid_ep1_in_xfer_flag
    usbd_user.o(i.USBD_User_Suspend) refers to matrix.o(i.led_set_close) for led_set_close
    usbd_user_desc.o(i.USBD_User_GetConfigDescriptor) refers to usbd_user_desc.o(.constdata) for .constdata
    usbd_user_desc.o(i.USBD_User_GetDeviceDescriptor) refers to usbd_user_desc.o(.constdata) for .constdata
    usbd_user_desc.o(i.USBD_User_GetHIDDescriptor) refers to usbd_user_desc.o(.constdata) for .constdata
[...]
    .ARM.Collect$$libshutdown$$0000000F      0x0800014a   Section        0  libshutdown2.o(.ARM.Collect$$libshutdown$$0000000F)
    .ARM.Collect$$libshutdown$$00000010      0x0800014a   Section        2  libshutdown2.o(.ARM.Collect$$libshutdown$$00000010)
    .ARM.Collect$$rtentry$$00000000          0x0800014c   Section        0  __rtentry.o(.ARM.Collect$$rtentry$$00000000)
    .ARM.Collect$$rtentry$$00000002          0x0800014c   Section        0  __rtentry2.o(.ARM.Collect$$rtentry$$00000002)
    .ARM.Collect$$rtentry$$00000004          0x0800014c   Section        6  __rtentry4.o(.ARM.Collect$$rtentry$$00000004)
    .ARM.Collect$$rtentry$$00000009          0x08000152   Section        0  __rtentry2.o(.ARM.Collect$$rtentry$$00000009)
    .ARM.Collect$$rtentry$$0000000A          0x08000152   Section        4  __rtentry2.o(.ARM.Collect$$rtentry$$0000000A)
    .ARM.Collect$$rtentry$$0000000C          0x08000156   Section        0  __rtentry2.o(.ARM.Collect$$rtentry$$0000000C)
    .ARM.Collect$$rtentry$$0000000D          0x08000156   Section        8  __rtentry2.o(.ARM.Collect$$rtentry$$0000000D)
    .ARM.Collect$$rtexit$$00000000           0x0800015e   Section        2  rtexit.o(.ARM.Collect$$rtexit$$00000000)
    .ARM.Collect$$rtexit$$00000002           0x08000160   Section        0  rtexit2.o(.ARM.Collect$$rtexit$$00000002)
    .ARM.Collect$$rtexit$$00000003           0x08000160   Section        4  rtexit2.o(.ARM.Collect$$rtexit$$00000003)
    .ARM.Collect$$rtexit$$00000004           0x08000164   Section        6  rtexit2.o(.ARM.Collect$$rtexit$$00000004)
    .emb_text                                0x0800016c   Section      120  port.o(.emb_text)
    .emb_text                                0x080001e4   Section       56  rt_memcpy.o(.emb_text)
    .emb_text                                0x0800021c   Section        0  maybetermalloc1.o(.emb_text)
    .text                                    0x0800021c   Section       56  startup_mono.o(.text)
    .text                                    0x08000254   Section        0  h1_alloc.o(.text)
    .text                                    0x080002b6   Section        0  h1_free.o(.text)
    .text                                    0x08000302   Section        0  memcmp.o(.text)
    .text                                    0x0800035c   Section        0  rt_memcpy.o(.text)
    .text                                    0x080003de   Section        0  rt_memclr.o(.text)
    .text                                    0x0800041e   Section        0  heapauxi.o(.text)
    .text                                    0x08000424   Section        8  rt_heap_descriptor_intlibspace.o(.text)
    .text                                    0x0800042c   Section        0  hguard.o(.text)
    .text                                    0x08000430   Section        0  init_alloc.o(.text)
    .text                                    0x080004b8   Section        0  h1_init.o(.text)
    .text                                    0x080004c8   Section        8  libspace.o(.text)
    .text                                    0x080004d0   Section        0  h1_extend.o(.text)
    .text                                    0x08000504   Section        0  defsig_rtmem_outer.o(.text)
    .text                                    0x08000510   Section        2  use_no_semi.o(.text)
    .text                                    0x08000512   Section        0  indicate_semi.o(.text)
    .text                                    0x08000512   Section       62  sys_stackheap_outer.o(.text)
    .text                                    0x08000550   Section        0  exit.o(.text)
    .text                                    0x08000560   Section        0  defsig_exit.o(.text)
    .text                                    0x0800056c   Section        0  defsig_rtmem_inner.o(.text)
    .text                                    0x080005bc   Section        0  sys_exit.o(.text)
    .text                                    0x080005c8   Section        0  defsig_general.o(.text)
    .text                                    0x080005fc   Section        0  sys_wrch.o(.text)
    i.APPTask                                0x08000608   Section        0  task_app.o(i.APPTask)
    i.GPIO_Init                              0x08000704   Section        0  mono_gpio.o(i.GPIO_Init)
    i.Handle_USBD_INT                        0x080007a8   Section        0  usbd_intr.o(i.Handle_USBD_INT)
    i.KEYCODE2CONSUMER                       0x08000824   Section        0  keyprocess.o(i.KEYCODE2CONSUMER)
    KEYCODE2CONSUMER                         0x08000825   Thumb Code   152  keyprocess.o(i.KEYCODE2CONSUMER)
    i.MatrixTask                             0x080008c0   Section        0  main.o(i.MatrixTask)
    MatrixTask                               0x080008c1   Thumb Code    10  main.o(i.MatrixTask)
    i.SVC_Handler                            0x080008ca   Section        0  port.o(i.SVC_Handler)
    i.SysTick_Handler                        0x080008cc   Section        0  port.o(i.SysTick_Handler)
    i.SystemInit                             0x080008f0   Section        0  system_mono.o(i.SystemInit)
    i.USBD_Connect                           0x08000938   Section        0  usbd_core.o(i.USBD_Connect)
    i.USBD_Core_Reset                        0x08000940   Section        0  usbd_core.o(i.USBD_Core_Reset)
    i.USBD_Core_Resume                       0x08000964   Section        0  usbd_core.o(i.USBD_Core_Resume)
    i.USBD_Core_Suspend                      0x0800097c   Section        0  usbd_core.o(i.USBD_Core_Suspend)
    i.USBD_EndPoint0                         0x08000998   Section        0  usbd_intr.o(i.USBD_EndPoint0)
    i.USBD_EndPoint0_Out_HID_Req             0x08000b20   Section        0  usbd_hid.o(i.USBD_EndPoint0_Out_HID_Req)
    i.USBD_EndPoint0_Setup_HID_Req           0x08000b40   Section        0  usbd_hid.o(i.USBD_EndPoint0_Setup_HID_Req)
    i.USBD_EndPoint0_Setup_StdReq            0x08000be0   Section        0  usbd_core.o(i.USBD_EndPoint0_Setup_StdReq)
    i.USBD_HW_ClrStallEP                     0x08000c94   Section        0  usbd_hw.o(i.USBD_HW_ClrStallEP)
    i.USBD_HW_IsStalled                      0x08000cb4   Section        0  usbd_hw.o(i.USBD_HW_IsStalled)
    i.USBD_HW_ReadEP                         0x08000cdc   Section        0  usbd_hw.o(i.USBD_HW_ReadEP)
    i.USBD_HW_SetStallEP                     0x08000cfc   Section        0  usbd_hw.o(i.USBD_HW_SetStallEP)
    i.USBD_HW_Transmit                       0x08000d1c   Section        0  usbd_hw.o(i.USBD_HW_Transmit)
    i.USBD_HW_WriteEP                        0x08000d3c   Section        0  usbd_hw.o(i.USBD_HW_WriteEP)
    i.USBD_Init                              0x08000d5c   Section        0  usbd_core.o(i.USBD_Init)
    i.USBD_ReqClrFeature_MSC                 0x08000d70   Section        0  usbd_core.o(i.USBD_ReqClrFeature_MSC)
    i.USBD_StdReqGetDescriptor               0x08000d74   Section        0  usbd_core.o(i.USBD_StdReqGetDescriptor)
    USBD_StdReqGetDescriptor                 0x08000d75   Thumb Code    72  usbd_core.o(i.USBD_StdReqGetDescriptor)
    i.USBD_StdReqGetStatus                   0x08000dc0   Section        0  usbd_core.o(i.USBD_StdReqGetStatus)
    USBD_StdReqGetStatus                     0x08000dc1   Thumb Code    76  usbd_core.o(i.USBD_StdReqGetStatus)
    i.USBD_StdReqSetClrFeature               0x08000e14   Section        0  usbd_core.o(i.USBD_StdReqSetClrFeature)
    USBD_StdReqSetClrFeature                 0x08000e15   Thumb Code    76  usbd_core.o(i.USBD_StdReqSetClrFeature)
    i.USBD_StdReqSetConfiguration            0x08000e64   Section        0  usbd_core.o(i.USBD_StdReqSetConfiguration)
    USBD_StdReqSetConfiguration              0x08000e65   Thumb Code    92  usbd_core.o(i.USBD_StdReqSetConfiguration)
    i.USBD_User_ClearConfig                  0x08000ec4   Section        0  usbd_user.o(i.USBD_User_ClearConfig)
    i.USBD_User_Connect                      0x08000eec   Section        0  usbd_user.o(i.USBD_User_Connect)
    i.USBD_User_EP1_IN                       0x08000f28   Section        0  usbd_user.o(i.USBD_User_EP1_IN)
    i.USBD_User_EP1_OUT                      0x08000f34   Section        0  usbd_user.o(i.USBD_User_EP1_OUT)
    i.USBD_User_EP2_IN                       0x08000f38   Section        0  usbd_user.o(i.USBD_User_EP2_IN)
    i.USBD_User_EP2_OUT                      0x08000f44   Section        0  usbd_user.o(i.USBD_User_EP2_OUT)
    i.USBD_User_EP3_IN                       0x08000f46   Section        0  usbd_user.o(i.USBD_User_EP3_IN)
    i.USBD_User_EP3_OUT                      0x08000f48   Section        0  usbd_user.o(i.USBD_User_EP3_OUT)
    i.USBD_User_EP4_IN                       0x08000f4a   Section        0  usbd_user.o(i.USBD_User_EP4_IN)
    i.USBD_User_EP4_OUT                      0x08000f4c   Section        0  usbd_user.o(i.USBD_User_EP4_OUT)
    i.USBD_User_EndPoint0_Out                0x08000f50   Section        0  usbd_user.o(i.USBD_User_EndPoint0_Out)
    i.USBD_User_EndPoint0_Setup              0x08000f7c   Section        0  usbd_user.o(i.USBD_User_EndPoint0_Setup)
    i.USBD_User_GetConfigDescriptor          0x08000fa8   Section        0  usbd_user_desc.o(i.USBD_User_GetConfigDescriptor)
    i.USBD_User_GetDeviceDescriptor          0x08000fbc   Section        0  usbd_user_desc.o(i.USBD_User_GetDeviceDescriptor)
    i.USBD_User_GetHIDDescriptor             0x08000fc8   Section        0  usbd_user_desc.o(i.USBD_User_GetHIDDescriptor)
    i.USBD_User_GetStringDescriptor          0x08001034   Section        0  usbd_user_desc.o(i.USBD_User_GetStringDescriptor)
    i.USBD_User_HID_GetIdle                  0x08001050   Section        0  usbd_user_hid.o(i.USBD_User_HID_GetIdle)
    i.USBD_User_HID_GetProtocol              0x08001064   Section        0  usbd_user_hid.o(i.USBD_User_HID_GetProtocol)
    i.USBD_User_HID_GetReport                0x08001078   Section        0  usbd_user_hid.o(i.USBD_User_HID_GetReport)
    i.USBD_User_HID_SetIdle                  0x080010bc   Section        0  usbd_user_hid.o(i.USBD_User_HID_SetIdle)
    i.USBD_User_HID_SetProtocol              0x080010d0   Section        0  usbd_user_hid.o(i.USBD_User_HID_SetProtocol)
    i.USBD_User_HID_SetReport                0x080010e4   Section        0  usbd_user_hid.o(i.USBD_User_HID_SetReport)
    i.USBD_User_Init                         0x0800111c   Section        0  usbd_user.o(i.USBD_User_Init)
    i.USBD_User_Reset                        0x08001170   Section        0  usbd_user.o(i.USBD_User_Reset)
    i.USBD_User_Resume                       0x08001194   Section        0  usbd_user.o(i.USBD_User_Resume)
    i.USBD_User_SOF                          0x08001196   Section        0  usbd_user.o(i.USBD_User_SOF)
    i.USBD_User_SetConfig                    0x08001198   Section        0  usbd_user.o(i.USBD_User_SetConfig)
    i.USBD_User_Suspend                      0x08001208   Section        0  usbd_user.o(i.USBD_User_Suspend)
    i.USB_IRQHandler                         0x08001210   Section        0  task_usb.o(i.USB_IRQHandler)
    i.__ARM_common_switch8                   0x08001224   Section        0  usbd_hid.o(i.__ARM_common_switch8)
    i._pal_lld_setgroupmode                  0x08001240   Section        0  hal_pal_lld.o(i._pal_lld_setgroupmode)
    i.action_key_pressed                     0x080012e4   Section        0  task_app.o(i.action_key_pressed)
    i.bspInit                                0x0800132c   Section        0  main.o(i.bspInit)
    i.debounce                               0x08001348   Section        0  debonce.o(i.debounce)
    i.debounce_init                          0x080013a8   Section        0  debonce.o(i.debounce_init)
    i.get_real_keys                          0x080013e4   Section        0  matrix.o(i.get_real_keys)
    get_real_keys                            0x080013e5   Thumb Code    46  matrix.o(i.get_real_keys)
    i.indicator_light                        0x08001414   Section        0  matrix.o(i.indicator_light)
    i.keycode_at_keymap_location_raw         0x08001458   Section        0  matrix.o(i.keycode_at_keymap_location_raw)
    i.keymap_key_to_action                   0x08001484   Section        0  task_app.o(i.keymap_key_to_action)
    i.keymap_key_to_keycode                  0x08001510   Section        0  task_app.o(i.keymap_key_to_keycode)
    i.led_init_pins                          0x08001544   Section        0  matrix.o(i.led_init_pins)
    i.led_set_close                          0x08001564   Section        0  matrix.o(i.led_set_close)
    i.main                                   0x08001584   Section        0  main.o(i.main)
    i.matrix_get_row                         0x080015ec   Section        0  matrix.o(i.matrix_get_row)
    i.matrix_init                            0x080015f8   Section        0  matrix.o(i.matrix_init)
    i.matrix_init_pins                       0x08001630   Section        0  matrix.o(i.matrix_init_pins)
    i.matrix_output_unselect_delay           0x08001674   Section        0  matrix.o(i.matrix_output_unselect_delay)
    i.matrix_read_cols_on_row                0x08001680   Section        0  matrix.o(i.matrix_read_cols_on_row)
    i.matrix_scan                            0x080016ec   Section        0  matrix.o(i.matrix_scan)
    i.matrix_task                            0x08001760   Section        0  matrix.o(i.matrix_task)
    i.popcount_more_than_one                 0x0800186c   Section        0  matrix.o(i.popcount_more_than_one)
    popcount_more_than_one                   0x0800186d   Thumb Code    10  matrix.o(i.popcount_more_than_one)
    i.process_clear_report                   0x08001878   Section        0  keyprocess.o(i.process_clear_report)
    i.process_customer                       0x080018ac   Section        0  keyprocess.o(i.process_customer)
    i.process_key                            0x080018dc   Section        0  keyprocess.o(i.process_key)
    i.process_mod                            0x08001940   Section        0  keyprocess.o(i.process_mod)
    i.process_system                         0x0800196c   Section        0  keyprocess.o(i.process_system)
    i.prvAddCurrentTaskToDelayedList         0x080019a8   Section        0  tasks.o(i.prvAddCurrentTaskToDelayedList)
    prvAddCurrentTaskToDelayedList           0x080019a9   Thumb Code    78  tasks.o(i.prvAddCurrentTaskToDelayedList)
    i.prvAddNewTaskToReadyList               0x08001a00   Section        0  tasks.o(i.prvAddNewTaskToReadyList)
    prvAddNewTaskToReadyList                 0x08001a01   Thumb Code   176  tasks.o(i.prvAddNewTaskToReadyList)
    i.prvCopyDataFromQueue                   0x08001ab8   Section        0  queue.o(i.prvCopyDataFromQueue)
    prvCopyDataFromQueue                     0x08001ab9   Thumb Code    38  queue.o(i.prvCopyDataFromQueue)
    i.prvCopyDataToQueue                     0x08001ade   Section        0  queue.o(i.prvCopyDataToQueue)
    prvCopyDataToQueue                       0x08001adf   Thumb Code   112  queue.o(i.prvCopyDataToQueue)
    i.prvDeleteTCB                           0x08001b4e   Section        0  tasks.o(i.prvDeleteTCB)
    prvDeleteTCB                             0x08001b4f   Thumb Code    18  tasks.o(i.prvDeleteTCB)
    i.prvHeapInit                            0x08001b60   Section        0  heap_4.o(i.prvHeapInit)
    prvHeapInit                              0x08001b61   Thumb Code    58  heap_4.o(i.prvHeapInit)
    i.prvIdleTask                            0x08001ba8   Section        0  tasks.o(i.prvIdleTask)
    prvIdleTask                              0x08001ba9   Thumb Code    64  tasks.o(i.prvIdleTask)
    i.prvInitialiseNewTask                   0x08001bf0   Section        0  tasks.o(i.prvInitialiseNewTask)
    prvInitialiseNewTask                     0x08001bf1   Thumb Code   136  tasks.o(i.prvInitialiseNewTask)
    i.prvInsertBlockIntoFreeList             0x08001c78   Section        0  heap_4.o(i.prvInsertBlockIntoFreeList)
    prvInsertBlockIntoFreeList               0x08001c79   Thumb Code    72  heap_4.o(i.prvInsertBlockIntoFreeList)
    i.prvIsQueueEmpty                        0x08001cc4   Section        0  queue.o(i.prvIsQueueEmpty)
    prvIsQueueEmpty                          0x08001cc5   Thumb Code    28  queue.o(i.prvIsQueueEmpty)
    i.prvResetNextTaskUnblockTime            0x08001ce0   Section        0  tasks.o(i.prvResetNextTaskUnblockTime)
    prvResetNextTaskUnblockTime              0x08001ce1   Thumb Code    28  tasks.o(i.prvResetNextTaskUnblockTime)
    i.prvTaskExitError                       0x08001d00   Section        0  port.o(i.prvTaskExitError)
    prvTaskExitError                         0x08001d01   Thumb Code    14  port.o(i.prvTaskExitError)
    i.prvUnlockQueue                         0x08001d14   Section        0  queue.o(i.prvUnlockQueue)
    prvUnlockQueue                           0x08001d15   Thumb Code   112  queue.o(i.prvUnlockQueue)
    i.pvPortMalloc                           0x08001d84   Section        0  heap_4.o(i.pvPortMalloc)
    i.pvTaskIncrementMutexHeldCount          0x08001e34   Section        0  tasks.o(i.pvTaskIncrementMutexHeldCount)
    i.pxPortInitialiseStack                  0x08001e4c   Section        0  port.o(i.pxPortInitialiseStack)
    i.report_send                            0x08001e6c   Section        0  keyprocess.o(i.report_send)
    i.setPinOutput_writeHigh                 0x08001f08   Section        0  matrix.o(i.setPinOutput_writeHigh)
    setPinOutput_writeHigh                   0x08001f09   Thumb Code    30  matrix.o(i.setPinOutput_writeHigh)
    i.setPinOutput_writeLow                  0x08001f26   Section        0  matrix.o(i.setPinOutput_writeLow)
    setPinOutput_writeLow                    0x08001f27   Thumb Code    32  matrix.o(i.setPinOutput_writeLow)
    i.timer_read                             0x08001f46   Section        0  timer.o(i.timer_read)
    i.transfer_matrix_values                 0x08001f50   Section        0  debonce.o(i.transfer_matrix_values)
    transfer_matrix_values                   0x08001f51   Thumb Code   150  debonce.o(i.transfer_matrix_values)
    i.unselect_row                           0x08001fec   Section        0  matrix.o(i.unselect_row)
    unselect_row                             0x08001fed   Thumb Code    34  matrix.o(i.unselect_row)
    i.update_debounce_counters_and_transfer_if_expired 0x08002014   Section        0  debonce.o(i.update_debounce_counters_and_transfer_if_expired)
    update_debounce_counters_and_transfer_if_expired 0x08002015   Thumb Code   148  debonce.o(i.update_debounce_counters_and_transfer_if_expired)
    i.usbd_report_send                       0x080020ac   Section        0  keyprocess.o(i.usbd_report_send)
    i.uxListRemove                           0x0800214c   Section        0  list.o(i.uxListRemove)
    i.vListInitialise                        0x08002172   Section        0  list.o(i.vListInitialise)
    i.vListInitialiseItem                    0x08002188   Section        0  list.o(i.vListInitialiseItem)
    i.vListInsert                            0x0800218e   Section        0  list.o(i.vListInsert)
    i.vListInsertEnd                         0x080021be   Section        0  list.o(i.vListInsertEnd)
    i.vPortEnterCritical                     0x080021d8   Section        0  port.o(i.vPortEnterCritical)
    i.vPortExitCritical                      0x080021f0   Section        0  port.o(i.vPortExitCritical)
    i.vPortFree                              0x0800220c   Section        0  heap_4.o(i.vPortFree)
    i.vPortYield                             0x08002250   Section        0  port.o(i.vPortYield)
    i.vTaskDelay                             0x08002268   Section        0  tasks.o(i.vTaskDelay)
    i.vTaskInternalSetTimeOutState           0x08002298   Section        0  tasks.o(i.vTaskInternalSetTimeOutState)
    i.vTaskMissedYield                       0x080022a8   Section        0  tasks.o(i.vTaskMissedYield)
    i.vTaskPlaceOnEventList                  0x080022b4   Section        0  tasks.o(i.vTaskPlaceOnEventList)
    i.vTaskPriorityDisinheritAfterTimeout    0x080022d8   Section        0  tasks.o(i.vTaskPriorityDisinheritAfterTimeout)
    i.vTaskStartScheduler                    0x08002348   Section        0  tasks.o(i.vTaskStartScheduler)
    i.vTaskSuspendAll                        0x08002394   Section        0  tasks.o(i.vTaskSuspendAll)
    i.vTaskSwitchContext                     0x080023a4   Section        0  tasks.o(i.vTaskSwitchContext)
    i.xPortStartScheduler                    0x080023fc   Section        0  port.o(i.xPortStartScheduler)
    i.xQueueCreateMutex                      0x08002440   Section        0  queue.o(i.xQueueCreateMutex)
    i.xQueueGenericCreate                    0x08002464   Section        0  queue.o(i.xQueueGenericCreate)
    i.xQueueGenericReset                     0x080024a2   Section        0  queue.o(i.xQueueGenericReset)
    i.xQueueGenericSend                      0x0800250e   Section        0  queue.o(i.xQueueGenericSend)
    i.xQueueReceive                          0x08002614   Section        0  queue.o(i.xQueueReceive)
    i.xQueueSemaphoreTake                    0x08002704   Section        0  queue.o(i.xQueueSemaphoreTake)
    i.xTaskCheckForTimeOut                   0x08002834   Section        0  tasks.o(i.xTaskCheckForTimeOut)
    i.xTaskCreate                            0x08002890   Section        0  tasks.o(i.xTaskCreate)
    i.xTaskGenericNotify                     0x080028e0   Section        0  tasks.o(i.xTaskGenericNotify)
    i.xTaskGetTickCount                      0x08002990   Section        0  tasks.o(i.xTaskGetTickCount)
    i.xTaskIncrementTick                     0x0800299c   Section        0  tasks.o(i.xTaskIncrementTick)
    i.xTaskNotifyWait                        0x08002a58   Section        0  tasks.o(i.xTaskNotifyWait)
    i.xTaskPriorityDisinherit                0x08002ad4   Section        0  tasks.o(i.xTaskPriorityDisinherit)
    i.xTaskPriorityInherit                   0x08002b3c   Section        0  tasks.o(i.xTaskPriorityInherit)
    i.xTaskRemoveFromEventList               0x08002bb4   Section        0  tasks.o(i.xTaskRemoveFromEventList)
    i.xTaskResumeAll                         0x08002c18   Section        0  tasks.o(i.xTaskResumeAll)
    .constdata                               0x08002cc4   Section      396  usbd_user_desc.o(.constdata)
    .constdata                               0x08002e50   Section        4  usbd_user_desc.o(.constdata)
    .constdata                               0x08002e54   Section       26  usbd_user_desc.o(.constdata)
    .constdata                               0x08002e6e   Section       28  usbd_user_desc.o(.constdata)
    .constdata                               0x08002e8c   Section      104  matrix.o(.constdata)
    row_pins                                 0x08002e8c   Data          32  matrix.o(.constdata)
    col_pins                                 0x08002eac   Data          72  matrix.o(.constdata)
    .constdata                               0x08002ef4   Section        1  usbd_core.o(.constdata)
    .constdata                               0x08002ef6   Section      576  keymap.o(.constdata)
    .data                                    0x20000000   Section        4  system_mono.o(.data)
    .data                                    0x20000004   Section       16  main.o(.data)
    .data                                    0x20000014   Section       12  usbd_user_desc.o(.data)
    .data                                    0x20000020   Section        3  usbd_user_hid.o(.data)
    .data                                    0x20000023   Section        3  usbd_user_hid.o(.data)
    .data                                    0x20000026   Section       19  usbd_user_hid.o(.data)
    hid_duration                             0x20000027   Data           1  usbd_user_hid.o(.data)
    hid_data_protocol                        0x20000028   Data           1  usbd_user_hid.o(.data)
    .data                                    0x2000003c   Section        4  usbd_user_hid.o(.data)
    .data                                    0x20000040   Section        4  usbd_user_hid.o(.data)
    .data                                    0x20000044   Section       10  matrix.o(.data)
    last_tick                                0x20000044   Data           2  matrix.o(.data)
    evtbuf                                   0x20000046   Data           8  matrix.o(.data)
    .data                                    0x20000050   Section       12  debonce.o(.data)
    counters_need_update                     0x20000050   Data           1  debonce.o(.data)
    matrix_need_update                       0x20000051   Data           1  debonce.o(.data)
    cooked_changed                           0x20000052   Data           1  debonce.o(.data)
    debounce_counters                        0x20000054   Data           4  debonce.o(.data)
    last_time                                0x20000058   Data           4  debonce.o(.data)
    .data                                    0x2000005c   Section       16  keyprocess.o(.data)
    last_system_usage                        0x2000005c   Data           2  keyprocess.o(.data)
    .data                                    0x2000006c   Section       17  task_app.o(.data)
    fn_flag                                  0x2000006d   Data           1  task_app.o(.data)
    fn_layer                                 0x2000006e   Data           1  task_app.o(.data)
    key                                      0x2000006f   Data           2  task_app.o(.data)
    func                                     0x20000071   Data           4  task_app.o(.data)
    evtbuf                                   0x20000075   Data           8  task_app.o(.data)
    .data                                    0x2000007e   Section        2  usbd_core.o(.data)
    EP0Buf                                   0x2000007e   Data           2  usbd_core.o(.data)
    .data                                    0x20000080   Section        1  usbd_intr.o(.data)
    Endpoint0State                           0x20000080   Data           1  usbd_intr.o(.data)
    .data                                    0x20000084   Section       60  tasks.o(.data)
    uxDeletedTasksWaitingCleanUp             0x20000088   Data           4  tasks.o(.data)
    uxCurrentNumberOfTasks                   0x2000008c   Data           4  tasks.o(.data)
    xTickCount                               0x20000090   Data           4  tasks.o(.data)
    uxTopReadyPriority                       0x20000094   Data           4  tasks.o(.data)
    xSchedulerRunning                        0x20000098   Data           4  tasks.o(.data)
    uxPendedTicks                            0x2000009c   Data           4  tasks.o(.data)
    xYieldPending                            0x200000a0   Data           4  tasks.o(.data)
    xNumOfOverflows                          0x200000a4   Data           4  tasks.o(.data)
    uxTaskNumber                             0x200000a8   Data           4  tasks.o(.data)
    xNextTaskUnblockTime                     0x200000ac   Data           4  tasks.o(.data)
    xIdleTaskHandle                          0x200000b0   Data           4  tasks.o(.data)
    uxSchedulerSuspended                     0x200000b4   Data           4  tasks.o(.data)
    pxDelayedTaskList                        0x200000b8   Data           4  tasks.o(.data)
    pxOverflowDelayedTaskList                0x200000bc   Data           4  tasks.o(.data)
    .data                                    0x200000c0   Section       24  heap_4.o(.data)
    pxEnd                                    0x200000c0   Data           4  heap_4.o(.data)
    xFreeBytesRemaining                      0x200000c4   Data           4  heap_4.o(.data)
    xMinimumEverFreeBytesRemaining           0x200000c8   Data           4  heap_4.o(.data)
    xBlockAllocatedBit                       0x200000cc   Data           4  heap_4.o(.data)
    xStart                                   0x200000d0   Data           8  heap_4.o(.data)
    .data                                    0x200000d8   Section        4  port.o(.data)
    uxCriticalNesting                        0x200000d8   Data           4  port.o(.data)
    .bss                                     0x200000dc   Section       16  usbd_user_hid.o(.bss)
    .bss                                     0x200000ec   Section      160  matrix.o(.bss)
    matrix_previous                          0x2000012c   Data          32  matrix.o(.bss)
    .bss                                     0x2000018c   Section       16  keyprocess.o(.bss)
    .bss                                     0x2000019c   Section       20  usbd_core.o(.bss)
    .bss                                     0x200001b0   Section      200  tasks.o(.bss)
    pxReadyTasksLists                        0x200001b0   Data         100  tasks.o(.bss)
    xDelayedTaskList1                        0x20000214   Data          20  tasks.o(.bss)
    xDelayedTaskList2                        0x20000228   Data          20  tasks.o(.bss)
    xPendingReadyList                        0x2000023c   Data          20  tasks.o(.bss)
    xTasksWaitingTermination                 0x20000250   Data          20  tasks.o(.bss)
    xSuspendedTaskList                       0x20000264   Data          20  tasks.o(.bss)
    .bss                                     0x20000278   Section     1724  heap_4.o(.bss)
    ucHeap                                   0x20000278   Data        1724  heap_4.o(.bss)
    .bss                                     0x20000934   Section       96  libspace.o(.bss)
    HEAP                                     0x20000998   Section      256  startup_mono.o(HEAP)
    Heap_Mem                                 0x20000998   Data         256  startup_mono.o(HEAP)
    STACK                                    0x20000a98   Section      256  startup_mono.o(STACK)
    Stack_Mem                                0x20000a98   Data         256  startup_mono.o(STACK)
    __initial_sp                             0x20000b98   Data           0  startup_mono.o(STACK)

    Global Symbols

    Symbol Name                              Value     Ov Type        Size  Object(Section)

    BuildAttributes$$THM_ISAv3M$S$PE$A:L22$X:L11$S22$IEEE1$IW$USESV6$~STKCKD$USESV7$~SHL$OTIME$ROPI$EBA8$UX$STANDARDLIB$REQ8$PRES8$EABIv2 0x00000000   Number         0  anon$$obj.o ABSOLUTE
    __ARM_use_no_argv                        0x00000000   Number         0  main.o ABSOLUTE
    __ARM_exceptions_init                     - Undefined Weak Reference
    __alloca_initialize                       - Undefined Weak Reference
    __arm_preinit_                            - Undefined Weak Reference
    __cpp_initialize__aeabi_                  - Undefined Weak Reference
    __cxa_finalize                            - Undefined Weak Reference
    __rt_locale                               - Undefined Weak Reference
    __sigvec_lookup                           - Undefined Weak Reference
    __user_heap_extent                        - Undefined Weak Reference
    _atexit_init                              - Undefined Weak Reference
    _call_atexit_fns                          - Undefined Weak Reference
    _clock_init                               - Undefined Weak Reference
    _fp_trap_init                             - Undefined Weak Reference
    _fp_trap_shutdown                         - Undefined Weak Reference
    _get_lc_collate                           - Undefined Weak Reference
    _get_lc_ctype                             - Undefined Weak Reference
    _get_lc_monetary                          - Undefined Weak Reference
    _get_lc_numeric                           - Undefined Weak Reference
    _get_lc_time                              - Undefined Weak Reference
    _getenv_init                              - Undefined Weak Reference
    _handle_redirection                       - Undefined Weak Reference
    _initio                                   - Undefined Weak Reference
    _mutex_acquire                            - Undefined Weak Reference
    _mutex_free                               - Undefined Weak Reference
    _mutex_release                            - Undefined Weak Reference
    _rand_init                                - Undefined Weak Reference
    _signal_finish                            - Undefined Weak Reference
    _signal_init                              - Undefined Weak Reference
    _terminateio                              - Undefined Weak Reference
    __Vectors_Size                           0x000000c0   Number         0  startup_mono.o ABSOLUTE
    __Vectors                                0x08000000   Data           4  startup_mono.o(RESET)
    __Vectors_End                            0x080000c0   Data           0  startup_mono.o(RESET)
    __main                                   0x080000c1   Thumb Code     8  __main.o(!!!main)
    __scatterload                            0x080000c9   Thumb Code     0  __scatter.o(!!!scatter)
    __scatterload_rt2                        0x080000c9   Thumb Code    52  __scatter.o(!!!scatter)
    __scatterload_rt2_thumb_only             0x080000c9   Thumb Code     0  __scatter.o(!!!scatter)
    __scatterload_null                       0x080000d9   Thumb Code     0  __scatter.o(!!!scatter)
    __scatterload_copy                       0x08000105   Thumb Code    26  __scatter_copy.o(!!handler_copy)
    __scatterload_zeroinit                   0x08000121   Thumb Code    28  __scatter_zi.o(!!handler_zi)
    __rt_lib_init                            0x0800013d   Thumb Code     0  libinit.o(.ARM.Collect$$libinit$$00000000)
    __rt_lib_init_fp_1                       0x0800013f   Thumb Code     0  libinit2.o(.ARM.Collect$$libinit$$00000002)
    __rt_lib_init_heap_2                     0x0800013f   Thumb Code     0  libinit2.o(.ARM.Collect$$libinit$$00000005)
    __rt_lib_init_preinit_1                  0x0800013f   Thumb Code     0  libinit2.o(.ARM.Collect$$libinit$$00000004)
    __rt_lib_init_alloca_1                   0x08000147   Thumb Code     0  libinit2.o(.ARM.Collect$$libinit$$0000002E)
    __rt_lib_init_argv_1                     0x08000147   Thumb Code     0  libinit2.o(.ARM.Collect$$libinit$$0000002C)
    __rt_lib_init_atexit_1                   0x08000147   Thumb Code     0  libinit2.o(.ARM.Collect$$libinit$$0000001B)
    __rt_lib_init_clock_1                    0x08000147   Thumb Code     0  libinit2.o(.ARM.Collect$$libinit$$00000021)
    __rt_lib_init_cpp_1                      0x08000147   Thumb Code     0  libinit2.o(.ARM.Collect$$libinit$$00000032)
    __rt_lib_init_exceptions_1               0x08000147   Thumb Code     0  libinit2.o(.ARM.Collect$$libinit$$00000030)
    __rt_lib_init_fp_trap_1                  0x08000147   Thumb Code     0  libinit2.o(.ARM.Collect$$libinit$$0000001F)
    __rt_lib_init_getenv_1                   0x08000147   Thumb Code     0  libinit2.o(.ARM.Collect$$libinit$$00000023)
    __rt_lib_init_heap_1                     0x08000147   Thumb Code     0  libinit2.o(.ARM.Collect$$libinit$$0000000A)
    __rt_lib_init_lc_collate_1               0x08000147   Thumb Code     0  libinit2.o(.ARM.Collect$$libinit$$00000011)
    __rt_lib_init_lc_ctype_1                 0x08000147   Thumb Code     0  libinit2.o(.ARM.Collect$$libinit$$00000013)
    __rt_lib_init_lc_monetary_1              0x08000147   Thumb Code     0  libinit2.o(.ARM.Collect$$libinit$$00000015)
    __rt_lib_init_lc_numeric_1               0x08000147   Thumb Code     0  libinit2.o(.ARM.Collect$$libinit$$00000017)
    __rt_lib_init_lc_time_1                  0x08000147   Thumb Code     0  libinit2.o(.ARM.Collect$$libinit$$00000019)
    __rt_lib_init_rand_1                     0x08000147   Thumb Code     0  libinit2.o(.ARM.Collect$$libinit$$0000000E)
    __rt_lib_init_return                     0x08000147   Thumb Code     0  libinit2.o(.ARM.Collect$$libinit$$00000033)
    __rt_lib_init_signal_1                   0x08000147   Thumb Code     0  libinit2.o(.ARM.Collect$$libinit$$0000001D)
    __rt_lib_init_stdio_1                    0x08000147   Thumb Code     0  libinit2.o(.ARM.Collect$$libinit$$00000025)
    __rt_lib_init_user_alloc_1               0x08000147   Thumb Code     0  libinit2.o(.ARM.Collect$$libinit$$0000000C)
    __rt_lib_shutdown                        0x08000149   Thumb Code     0  libshutdown.o(.ARM.Collect$$libshutdown$$00000000)
    __rt_lib_shutdown_cpp_1                  0x0800014b   Thumb Code     0  libshutdown2.o(.ARM.Collect$$libshutdown$$00000002)
    __rt_lib_shutdown_fp_trap_1              0x0800014b   Thumb Code     0  libshutdown2.o(.ARM.Collect$$libshutdown$$00000007)
    __rt_lib_shutdown_heap_1                 0x0800014b   Thumb Code     0  libshutdown2.o(.ARM.Collect$$libshutdown$$0000000F)
    __rt_lib_shutdown_return                 0x0800014b   Thumb Code     0  libshutdown2.o(.ARM.Collect$$libshutdown$$00000010)
    __rt_lib_shutdown_signal_1               0x0800014b   Thumb Code     0  libshutdown2.o(.ARM.Collect$$libshutdown$$0000000A)
    __rt_lib_shutdown_stdio_1                0x0800014b   Thumb Code     0  libshutdown2.o(.ARM.Collect$$libshutdown$$00000004)
    __rt_lib_shutdown_user_alloc_1           0x0800014b   Thumb Code     0  libshutdown2.o(.ARM.Collect$$libshutdown$$0000000C)
    __rt_entry                               0x0800014d   Thumb Code     0  __rtentry.o(.ARM.Collect$$rtentry$$00000000)
    __rt_entry_presh_1                       0x0800014d   Thumb Code     0  __rtentry2.o(.ARM.Collect$$rtentry$$00000002)
    __rt_entry_sh                            0x0800014d   Thumb Code     0  __rtentry4.o(.ARM.Collect$$rtentry$$00000004)
    __rt_entry_li                            0x08000153   Thumb Code     0  __rtentry2.o(.ARM.Collect$$rtentry$$0000000A)
    __rt_entry_postsh_1                      0x08000153   Thumb Code     0  __rtentry2.o(.ARM.Collect$$rtentry$$00000009)
    __rt_entry_main                          0x08000157   Thumb Code     0  __rtentry2.o(.ARM.Collect$$rtentry$$0000000D)
    __rt_entry_postli_1                      0x08000157   Thumb Code     0  __rtentry2.o(.ARM.Collect$$rtentry$$0000000C)
    __rt_exit                                0x0800015f   Thumb Code     0  rtexit.o(.ARM.Collect$$rtexit$$00000000)
    __rt_exit_ls                             0x08000161   Thumb Code     0  rtexit2.o(.ARM.Collect$$rtexit$$00000003)
    __rt_exit_prels_1                        0x08000161   Thumb Code     0  rtexit2.o(.ARM.Collect$$rtexit$$00000002)
    __rt_exit_exit                           0x08000165   Thumb Code     0  rtexit2.o(.ARM.Collect$$rtexit$$00000004)
    __asm___6_port_c_39a90d8d__prvPortStartFirstTask 0x0800016d   Thumb Code    36  port.o(.emb_text)
    ulSetInterruptMaskFromISR                0x08000195   Thumb Code     8  port.o(.emb_text)
    vClearInterruptMaskFromISR               0x0800019d   Thumb Code     6  port.o(.emb_text)
    PendSV_Handler                           0x080001a3   Thumb Code    62  port.o(.emb_text)
    __aeabi_memcpy4                          0x080001e5   Thumb Code    56  rt_memcpy.o(.emb_text)
    __aeabi_memcpy8                          0x080001e5   Thumb Code     0  rt_memcpy.o(.emb_text)
    Reset_Handler                            0x0800021d   Thumb Code     8  startup_mono.o(.text)
    _maybe_terminate_alloc                   0x0800021d   Thumb Code     0  maybetermalloc1.o(.emb_text)
    NMI_Handler                              0x08000225   Thumb Code     2  startup_mono.o(.text)
    HardFault_Handler                        0x08000227   Thumb Code     2  startup_mono.o(.text)
    ADC_IRQHandler                           0x0800022f   Thumb Code     0  startup_mono.o(.text)
    ARGB_IRQHandler                          0x0800022f   Thumb Code     0  startup_mono.o(.text)
    BOD_IRQHandler                           0x0800022f   Thumb Code     0  startup_mono.o(.text)
    CMP0_IRQHandler                          0x0800022f   Thumb Code     0  startup_mono.o(.text)
    CMP1_IRQHandler                          0x0800022f   Thumb Code     0  startup_mono.o(.text)
    CRS_IRQHandler                           0x0800022f   Thumb Code     0  startup_mono.o(.text)
    EXTI15_8_IRQHandler                      0x0800022f   Thumb Code     0  startup_mono.o(.text)
    EXTI1_0_IRQHandler                       0x0800022f   Thumb Code     0  startup_mono.o(.text)
    EXTI3_2_IRQHandler                       0x0800022f   Thumb Code     0  startup_mono.o(.text)
    EXTI5_4_IRQHandler                       0x0800022f   Thumb Code     0  startup_mono.o(.text)
    EXTI7_6_IRQHandler                       0x0800022f   Thumb Code     0  startup_mono.o(.text)
    FLASH_IRQHandler                         0x0800022f   Thumb Code     0  startup_mono.o(.text)
    I2C_IRQHandler                           0x0800022f   Thumb Code     0  startup_mono.o(.text)
    PCT0_IRQHandler                          0x0800022f   Thumb Code     0  startup_mono.o(.text)
    PCT1_IRQHandler                          0x0800022f   Thumb Code     0  startup_mono.o(.text)
    PCT2_IRQHandler                          0x0800022f   Thumb Code     0  startup_mono.o(.text)
    PCT3_IRQHandler                          0x0800022f   Thumb Code     0  startup_mono.o(.text)
    PCT4_IRQHandler                          0x0800022f   Thumb Code     0  startup_mono.o(.text)
    RTC_IRQHandler                           0x0800022f   Thumb Code     0  startup_mono.o(.text)
    SPI1_IRQHandler                          0x0800022f   Thumb Code     0  startup_mono.o(.text)
    SPIM_IRQHandler                          0x0800022f   Thumb Code     0  startup_mono.o(.text)
    TIM6_IRQHandler                          0x0800022f   Thumb Code     0  startup_mono.o(.text)
    UART0_IRQHandler                         0x0800022f   Thumb Code     0  startup_mono.o(.text)
    UART1_IRQHandler                         0x0800022f   Thumb Code     0  startup_mono.o(.text)
    USBP_WKUP_IRQHandler                     0x0800022f   Thumb Code     0  startup_mono.o(.text)
    __user_initial_stackheap                 0x08000231   Thumb Code    10  startup_mono.o(.text)
    malloc                                   0x08000255   Thumb Code    98  h1_alloc.o(.text)
    free                                     0x080002b7   Thumb Code    76  h1_free.o(.text)
    memcmp                                   0x08000303   Thumb Code    90  memcmp.o(.text)
    __aeabi_memcpy                           0x0800035d   Thumb Code   130  rt_memcpy.o(.text)
    __rt_memcpy                              0x0800035d   Thumb Code     0  rt_memcpy.o(.text)
    _memset_w                                0x080003df   Thumb Code    26  rt_memclr.o(.text)
    _memset                                  0x080003f9   Thumb Code    30  rt_memclr.o(.text)
    __aeabi_memclr                           0x08000417   Thumb Code     4  rt_memclr.o(.text)
    __rt_memclr                              0x08000417   Thumb Code     0  rt_memclr.o(.text)
    __aeabi_memclr4                          0x0800041b   Thumb Code     0  rt_memclr.o(.text)
    __aeabi_memclr8                          0x0800041b   Thumb Code     0  rt_memclr.o(.text)
    __rt_memclr_w                            0x0800041b   Thumb Code     4  rt_memclr.o(.text)
    __use_two_region_memory                  0x0800041f   Thumb Code     2  heapauxi.o(.text)
    __rt_heap_escrow                         0x08000421   Thumb Code     2  heapauxi.o(.text)
    __rt_heap_expand                         0x08000423   Thumb Code     2  heapauxi.o(.text)
    __rt_heap_descriptor                     0x08000425   Thumb Code     8  rt_heap_descriptor_intlibspace.o(.text)
    __use_no_heap                            0x0800042d   Thumb Code     2  hguard.o(.text)
    __heap$guard                             0x0800042f   Thumb Code     2  hguard.o(.text)
    _terminate_user_alloc                    0x08000431   Thumb Code     2  init_alloc.o(.text)
    _init_user_alloc                         0x08000433   Thumb Code     2  init_alloc.o(.text)
    __Heap_Full                              0x08000435   Thumb Code    32  init_alloc.o(.text)
    __Heap_Broken                            0x08000455   Thumb Code    10  init_alloc.o(.text)
    _init_alloc                              0x0800045f   Thumb Code    90  init_alloc.o(.text)
    __Heap_Initialize                        0x080004b9   Thumb Code    10  h1_init.o(.text)
    __Heap_DescSize                          0x080004c3   Thumb Code     4  h1_init.o(.text)
    __user_libspace                          0x080004c9   Thumb Code     8  libspace.o(.text)
    __user_perproc_libspace                  0x080004c9   Thumb Code     0  libspace.o(.text)
    __user_perthread_libspace                0x080004c9   Thumb Code     0  libspace.o(.text)
    __Heap_ProvideMemory                     0x080004d1   Thumb Code    52  h1_extend.o(.text)
    __rt_SIGRTMEM                            0x08000505   Thumb Code    12  defsig_rtmem_outer.o(.text)
    __I$use$semihosting                      0x08000511   Thumb Code     0  use_no_semi.o(.text)
    __use_no_semihosting_swi                 0x08000511   Thumb Code     2  use_no_semi.o(.text)
    __semihosting_library_function           0x08000513   Thumb Code     0  indicate_semi.o(.text)
    __user_setup_stackheap                   0x08000513   Thumb Code    62  sys_stackheap_outer.o(.text)
    exit                                     0x08000551   Thumb Code    16  exit.o(.text)
    __sig_exit                               0x08000561   Thumb Code    12  defsig_exit.o(.text)
    __rt_SIGRTMEM_inner                      0x0800056d   Thumb Code    22  defsig_rtmem_inner.o(.text)
    _sys_exit                                0x080005bd   Thumb Code     8  sys_exit.o(.text)
    __default_signal_display                 0x080005c9   Thumb Code    52  defsig_general.o(.text)
    _ttywrch                                 0x080005fd   Thumb Code    12  sys_wrch.o(.text)
    APPTask                                  0x08000609   Thumb Code   222  task_app.o(i.APPTask)
    GPIO_Init                                0x08000705   Thumb Code   156  mono_gpio.o(i.GPIO_Init)
    Handle_USBD_INT                          0x080007a9   Thumb Code   120  usbd_intr.o(i.Handle_USBD_INT)
    SVC_Handler                              0x080008cb   Thumb Code     2  port.o(i.SVC_Handler)
    SysTick_Handler                          0x080008cd   Thumb Code    32  port.o(i.SysTick_Handler)
    SystemInit                               0x080008f1   Thumb Code    56  system_mono.o(i.SystemInit)
    USBD_Connect                             0x08000939   Thumb Code     8  usbd_core.o(i.USBD_Connect)
    USBD_Core_Reset                          0x08000941   Thumb Code    26  usbd_core.o(i.USBD_Core_Reset)
    USBD_Core_Resume                         0x08000965   Thumb Code    20  usbd_core.o(i.USBD_Core_Resume)
    USBD_Core_Suspend                        0x0800097d   Thumb Code    24  usbd_core.o(i.USBD_Core_Suspend)
    USBD_EndPoint0                           0x08000999   Thumb Code   374  usbd_intr.o(i.USBD_EndPoint0)
    USBD_EndPoint0_Out_HID_Req               0x08000b21   Thumb Code    28  usbd_hid.o(i.USBD_EndPoint0_Out_HID_Req)
    USBD_EndPoint0_Setup_HID_Req             0x08000b41   Thumb Code   156  usbd_hid.o(i.USBD_EndPoint0_Setup_HID_Req)
    USBD_EndPoint0_Setup_StdReq              0x08000be1   Thumb Code   168  usbd_core.o(i.USBD_EndPoint0_Setup_StdReq)
    USBD_HW_ClrStallEP                       0x08000c95   Thumb Code    26  usbd_hw.o(i.USBD_HW_ClrStallEP)
    USBD_HW_IsStalled                        0x08000cb5   Thumb Code    36  usbd_hw.o(i.USBD_HW_IsStalled)
    USBD_HW_ReadEP                           0x08000cdd   Thumb Code    26  usbd_hw.o(i.USBD_HW_ReadEP)
    USBD_HW_SetStallEP                       0x08000cfd   Thumb Code    26  usbd_hw.o(i.USBD_HW_SetStallEP)
    USBD_HW_Transmit                         0x08000d1d   Thumb Code    28  usbd_hw.o(i.USBD_HW_Transmit)
    USBD_HW_WriteEP                          0x08000d3d   Thumb Code    26  usbd_hw.o(i.USBD_HW_WriteEP)
    USBD_Init                                0x08000d5d   Thumb Code    16  usbd_core.o(i.USBD_Init)
    USBD_ReqClrFeature_MSC                   0x08000d71   Thumb Code     2  usbd_core.o(i.USBD_ReqClrFeature_MSC)
    USBD_User_ClearConfig                    0x08000ec5   Thumb Code    34  usbd_user.o(i.USBD_User_ClearConfig)
    USBD_User_Connect                        0x08000eed   Thumb Code    44  usbd_user.o(i.USBD_User_Connect)
    USBD_User_EP1_IN                         0x08000f29   Thumb Code     8  usbd_user.o(i.USBD_User_EP1_IN)
    USBD_User_EP1_OUT                        0x08000f35   Thumb Code     2  usbd_user.o(i.USBD_User_EP1_OUT)
    USBD_User_EP2_IN                         0x08000f39   Thumb Code     8  usbd_user.o(i.USBD_User_EP2_IN)
    USBD_User_EP2_OUT                        0x08000f45   Thumb Code     2  usbd_user.o(i.USBD_User_EP2_OUT)
    USBD_User_EP3_IN                         0x08000f47   Thumb Code     2  usbd_user.o(i.USBD_User_EP3_IN)
    USBD_User_EP3_OUT                        0x08000f49   Thumb Code     2  usbd_user.o(i.USBD_User_EP3_OUT)
    USBD_User_EP4_IN                         0x08000f4b   Thumb Code     2  usbd_user.o(i.USBD_User_EP4_IN)
    USBD_User_EP4_OUT                        0x08000f4d   Thumb Code     2  usbd_user.o(i.USBD_User_EP4_OUT)
    USBD_User_EndPoint0_Out                  0x08000f51   Thumb Code    40  usbd_user.o(i.USBD_User_EndPoint0_Out)
    USBD_User_EndPoint0_Setup                0x08000f7d   Thumb Code    40  usbd_user.o(i.USBD_User_EndPoint0_Setup)
    USBD_User_GetConfigDescriptor            0x08000fa9   Thumb Code    16  usbd_user_desc.o(i.USBD_User_GetConfigDescriptor)
    USBD_User_GetDeviceDescriptor            0x08000fbd   Thumb Code     8  usbd_user_desc.o(i.USBD_User_GetDeviceDescriptor)
    USBD_User_GetHIDDescriptor               0x08000fc9   Thumb Code    98  usbd_user_desc.o(i.USBD_User_GetHIDDescriptor)
    USBD_User_GetStringDescriptor            0x08001035   Thumb Code    22  usbd_user_desc.o(i.USBD_User_GetStringDescriptor)
    USBD_User_HID_GetIdle                    0x08001051   Thumb Code    10  usbd_user_hid.o(i.USBD_User_HID_GetIdle)
    USBD_User_HID_GetProtocol                0x08001065   Thumb Code    10  usbd_user_hid.o(i.USBD_User_HID_GetProtocol)
    USBD_User_HID_GetReport                  0x08001079   Thumb Code    58  usbd_user_hid.o(i.USBD_User_HID_GetReport)
    USBD_User_HID_SetIdle                    0x080010bd   Thumb Code    12  usbd_user_hid.o(i.USBD_User_HID_SetIdle)
    USBD_User_HID_SetProtocol                0x080010d1   Thumb Code    12  usbd_user_hid.o(i.USBD_User_HID_SetProtocol)
    USBD_User_HID_SetReport                  0x080010e5   Thumb Code    46  usbd_user_hid.o(i.USBD_User_HID_SetReport)
    USBD_User_Init                           0x0800111d   Thumb Code    66  usbd_user.o(i.USBD_User_Init)
    USBD_User_Reset                          0x08001171   Thumb Code    22  usbd_user.o(i.USBD_User_Reset)
    USBD_User_Resume                         0x08001195   Thumb Code     2  usbd_user.o(i.USBD_User_Resume)
    USBD_User_SOF                            0x08001197   Thumb Code     2  usbd_user.o(i.USBD_User_SOF)
    USBD_User_SetConfig                      0x08001199   Thumb Code   106  usbd_user.o(i.USBD_User_SetConfig)
    USBD_User_Suspend                        0x08001209   Thumb Code     8  usbd_user.o(i.USBD_User_Suspend)
    USB_IRQHandler                           0x08001211   Thumb Code    16  task_usb.o(i.USB_IRQHandler)
    __ARM_common_switch8                     0x08001225   Thumb Code    26  usbd_hid.o(i.__ARM_common_switch8)
    _pal_lld_setgroupmode                    0x08001241   Thumb Code   156  hal_pal_lld.o(i._pal_lld_setgroupmode)
    action_key_pressed                       0x080012e5   Thumb Code    70  task_app.o(i.action_key_pressed)
    bspInit                                  0x0800132d   Thumb Code    18  main.o(i.bspInit)
    debounce                                 0x08001349   Thumb Code    90  debonce.o(i.debounce)
    debounce_init                            0x080013a9   Thumb Code    56  debonce.o(i.debounce_init)
    indicator_light                          0x08001415   Thumb Code    50  matrix.o(i.indicator_light)
    keycode_at_keymap_location_raw           0x08001459   Thumb Code    38  matrix.o(i.keycode_at_keymap_location_raw)
    keymap_key_to_action                     0x08001485   Thumb Code   130  task_app.o(i.keymap_key_to_action)
    keymap_key_to_keycode                    0x08001511   Thumb Code    48  task_app.o(i.keymap_key_to_keycode)
    led_init_pins                            0x08001545   Thumb Code    24  matrix.o(i.led_init_pins)
    led_set_close                            0x08001565   Thumb Code    24  matrix.o(i.led_set_close)
    main                                     0x08001585   Thumb Code    78  main.o(i.main)
    matrix_get_row                           0x080015ed   Thumb Code     8  matrix.o(i.matrix_get_row)
    matrix_init                              0x080015f9   Thumb Code    46  matrix.o(i.matrix_init)
    matrix_init_pins                         0x08001631   Thumb Code    62  matrix.o(i.matrix_init_pins)
    matrix_output_unselect_delay             0x08001675   Thumb Code    12  matrix.o(i.matrix_output_unselect_delay)
    matrix_read_cols_on_row                  0x08001681   Thumb Code   102  matrix.o(i.matrix_read_cols_on_row)
    matrix_scan                              0x080016ed   Thumb Code   110  matrix.o(i.matrix_scan)
    matrix_task                              0x08001761   Thumb Code   252  matrix.o(i.matrix_task)
    process_clear_report                     0x08001879   Thumb Code    44  keyprocess.o(i.process_clear_report)
    process_customer                         0x080018ad   Thumb Code    42  keyprocess.o(i.process_customer)
    process_key                              0x080018dd   Thumb Code    92  keyprocess.o(i.process_key)
    process_mod                              0x08001941   Thumb Code    38  keyprocess.o(i.process_mod)
    process_system                           0x0800196d   Thumb Code    56  keyprocess.o(i.process_system)
    pvPortMalloc                             0x08001d85   Thumb Code   172  heap_4.o(i.pvPortMalloc)
    pvTaskIncrementMutexHeldCount            0x08001e35   Thumb Code    20  tasks.o(i.pvTaskIncrementMutexHeldCount)
    pxPortInitialiseStack                    0x08001e4d   Thumb Code    28  port.o(i.pxPortInitialiseStack)
    report_send                              0x08001e6d   Thumb Code   126  keyprocess.o(i.report_send)
    timer_read                               0x08001f47   Thumb Code    10  timer.o(i.timer_read)
    usbd_report_send                         0x080020ad   Thumb Code   130  keyprocess.o(i.usbd_report_send)
    uxListRemove                             0x0800214d   Thumb Code    38  list.o(i.uxListRemove)
    vListInitialise                          0x08002173   Thumb Code    22  list.o(i.vListInitialise)
    vListInitialiseItem                      0x08002189   Thumb Code     6  list.o(i.vListInitialiseItem)
    vListInsert                              0x0800218f   Thumb Code    48  list.o(i.vListInsert)
    vListInsertEnd                           0x080021bf   Thumb Code    24  list.o(i.vListInsertEnd)
    vPortEnterCritical                       0x080021d9   Thumb Code    20  port.o(i.vPortEnterCritical)
    vPortExitCritical                        0x080021f1   Thumb Code    22  port.o(i.vPortExitCritical)
    vPortFree                                0x0800220d   Thumb Code    62  heap_4.o(i.vPortFree)
    vPortYield                               0x08002251   Thumb Code    18  port.o(i.vPortYield)
    vTaskDelay                               0x08002269   Thumb Code    44  tasks.o(i.vTaskDelay)
    vTaskInternalSetTimeOutState             0x08002299   Thumb Code    12  tasks.o(i.vTaskInternalSetTimeOutState)
    vTaskMissedYield                         0x080022a9   Thumb Code     8  tasks.o(i.vTaskMissedYield)
    vTaskPlaceOnEventList                    0x080022b5   Thumb Code    32  tasks.o(i.vTaskPlaceOnEventList)
    vTaskPriorityDisinheritAfterTimeout      0x080022d9   Thumb Code   104  tasks.o(i.vTaskPriorityDisinheritAfterTimeout)
    vTaskStartScheduler                      0x08002349   Thumb Code    58  tasks.o(i.vTaskStartScheduler)
    vTaskSuspendAll                          0x08002395   Thumb Code    10  tasks.o(i.vTaskSuspendAll)
    vTaskSwitchContext                       0x080023a5   Thumb Code    78  tasks.o(i.vTaskSwitchContext)
    xPortStartScheduler                      0x080023fd   Thumb Code    50  port.o(i.xPortStartScheduler)
    xQueueCreateMutex                        0x08002441   Thumb Code    36  queue.o(i.xQueueCreateMutex)
    xQueueGenericCreate                      0x08002465   Thumb Code    62  queue.o(i.xQueueGenericCreate)
    xQueueGenericReset                       0x080024a3   Thumb Code   108  queue.o(i.xQueueGenericReset)
    xQueueGenericSend                        0x0800250f   Thumb Code   262  queue.o(i.xQueueGenericSend)
    xQueueReceive                            0x08002615   Thumb Code   240  queue.o(i.xQueueReceive)
    xQueueSemaphoreTake                      0x08002705   Thumb Code   302  queue.o(i.xQueueSemaphoreTake)
    xTaskCheckForTimeOut                     0x08002835   Thumb Code    86  tasks.o(i.xTaskCheckForTimeOut)
    xTaskCreate                              0x08002891   Thumb Code    78  tasks.o(i.xTaskCreate)
    xTaskGenericNotify                       0x080028e1   Thumb Code   166  tasks.o(i.xTaskGenericNotify)
    xTaskGetTickCount                        0x08002991   Thumb Code     6  tasks.o(i.xTaskGetTickCount)
    xTaskIncrementTick                       0x0800299d   Thumb Code   180  tasks.o(i.xTaskIncrementTick)
    xTaskNotifyWait                          0x08002a59   Thumb Code   118  tasks.o(i.xTaskNotifyWait)
    xTaskPriorityDisinherit                  0x08002ad5   Thumb Code    96  tasks.o(i.xTaskPriorityDisinherit)
    xTaskPriorityInherit                     0x08002b3d   Thumb Code   110  tasks.o(i.xTaskPriorityInherit)
    xTaskRemoveFromEventList                 0x08002bb5   Thumb Code    90  tasks.o(i.xTaskRemoveFromEventList)
    xTaskResumeAll                           0x08002c19   Thumb Code   164  tasks.o(i.xTaskResumeAll)
    USBD_KeyboardHIDReportDescriptor         0x08002cc4   Data          65  usbd_user_desc.o(.constdata)
    USBD_MixedHIDReportDescriptor            0x08002d05   Data         188  usbd_user_desc.o(.constdata)
    USBD_VendorDefinedHIDReportDescriptor    0x08002dc1   Data          34  usbd_user_desc.o(.constdata)
    USBD_DeviceDescriptor                    0x08002de3   Data          18  usbd_user_desc.o(.constdata)
    USBD_ConfigDescriptor                    0x08002df5   Data          91  usbd_user_desc.o(.constdata)
    USBD_StringDescriptor_LangID             0x08002e50   Data           4  usbd_user_desc.o(.constdata)
    USBD_StringDescriptor_Manufacturer       0x08002e54   Data          26  usbd_user_desc.o(.constdata)
    USBD_StringDescriptor_Product            0x08002e6e   Data          28  usbd_user_desc.o(.constdata)
    UsbdMaxPacketSize0                       0x08002ef4   Data           1  usbd_core.o(.constdata)
    keymaps                                  0x08002ef6   Data         576  keymap.o(.constdata)
    Region$$Table$$Base                      0x08003138   Number         0  anon$$obj.o(Region$$Table)
    Region$$Table$$Limit                     0x08003158   Number         0  anon$$obj.o(Region$$Table)
    SystemCoreClock                          0x20000000   Data           4  system_mono.o(.data)
    xQueueAppEventMsg                        0x20000004   Data           4  main.o(.data)
    xMutexUsb                                0x20000008   Data           4  main.o(.data)
    MatrixTask_Handler                       0x2000000c   Data           4  main.o(.data)
    APPTask_Handler                          0x20000010   Data           4  main.o(.data)
    USBD_StringDescriptors                   0x20000014   Data          12  usbd_user_desc.o(.data)
    hid_customer_in_report_buf               0x20000020   Data           3  usbd_user_hid.o(.data)
    hid_system_in_report_buf                 0x20000023   Data           3  usbd_user_hid.o(.data)
    hid_keyboard_out_report_buf              0x20000026   Data           1  usbd_user_hid.o(.data)
    hid_mouse_in_report_buf                  0x20000029   Data           8  usbd_user_hid.o(.data)
    hid_keyboard_in_report_buf               0x20000031   Data           8  usbd_user_hid.o(.data)
    hid_ep2_in_xfer_flag                     0x2000003c   Data           4  usbd_user_hid.o(.data)
    hid_ep1_in_xfer_flag                     0x20000040   Data           4  usbd_user_hid.o(.data)
    usbd_consumer_report_buf                 0x2000005e   Data           3  keyprocess.o(.data)
    usbd_system_report_buf                   0x20000061   Data           3  keyprocess.o(.data)
    usbd_keyboard_report_buf                 0x20000064   Data           8  keyprocess.o(.data)
    layer_state                              0x2000006c   Data           1  task_app.o(.data)
    pxCurrentTCB                             0x20000084   Data           4  tasks.o(.data)
    hid_nkro_in_report_buf                   0x200000dc   Data          16  usbd_user_hid.o(.bss)
    curr_matrix                              0x200000ec   Data          32  matrix.o(.bss)
    curr_matrix2                             0x2000010c   Data          32  matrix.o(.bss)
    raw_matrix                               0x2000014c   Data          32  matrix.o(.bss)
    matrix                                   0x2000016c   Data          32  matrix.o(.bss)
    usbd_nkro_report_buf                     0x2000018c   Data          16  keyprocess.o(.bss)
    UsbdCoreInfo                             0x2000019c   Data          20  usbd_core.o(.bss)
    __libspace_start                         0x20000934   Data          96  libspace.o(.bss)
    __temporary_stack_top$libspace           0x20000994   Data           0  libspace.o(.bss)



==============================================================================

Memory Map of the image

  Image Entry point : 0x080000c1

  Load Region LR_IROM1 (Base: 0x08000000, Size: 0x00003234, Max: 0x00008000, ABSOLUTE)

    Execution Region ER_IROM1 (Base: 0x08000000, Size: 0x00003158, Max: 0x00008000, ABSOLUTE)

    Base Addr    Size         Type   Attr      Idx    E Section Name        Object

    0x08000000   0x000000c0   Data   RO            3    RESET               startup_mono.o
    0x080000c0   0x00000008   Code   RO         2798  * !!!main             c_p.l(__main.o)
    0x080000c8   0x0000003c   Code   RO         3011    !!!scatter          c_p.l(__scatter.o)
    0x08000104   0x0000001a   Code   RO         3013    !!handler_copy      c_p.l(__scatter_copy.o)
    0x0800011e   0x00000002   PAD
    0x08000120   0x0000001c   Code   RO         3015    !!handler_zi        c_p.l(__scatter_zi.o)
    0x0800013c   0x00000002   Code   RO         2949    .ARM.Collect$$libinit$$00000000  c_p.l(libinit.o)
    0x0800013e   0x00000000   Code   RO         2835    .ARM.Collect$$libinit$$00000002  c_p.l(libinit2.o)
    0x0800013e   0x00000000   Code   RO         2837    .ARM.Collect$$libinit$$00000004  c_p.l(libinit2.o)
    0x0800013e   0x00000008   Code   RO         2838    .ARM.Collect$$libinit$$00000005  c_p.l(libinit2.o)
    0x08000146   0x00000000   Code   RO         2840    .ARM.Collect$$libinit$$0000000A  c_p.l(libinit2.o)
    0x08000146   0x00000000   Code   RO         2842    .ARM.Collect$$libinit$$0000000C  c_p.l(libinit2.o)
    0x08000146   0x00000000   Code   RO         2844    .ARM.Collect$$libinit$$0000000E  c_p.l(libinit2.o)
    0x08000146   0x00000000   Code   RO         2847    .ARM.Collect$$libinit$$00000011  c_p.l(libinit2.o)
    0x08000146   0x00000000   Code   RO         2849    .ARM.Collect$$libinit$$00000013  c_p.l(libinit2.o)
    0x08000146   0x00000000   Code   RO         2851    .ARM.Collect$$libinit$$00000015  c_p.l(libinit2.o)
    0x08000146   0x00000000   Code   RO         2853    .ARM.Collect$$libinit$$00000017  c_p.l(libinit2.o)
    0x08000146   0x00000000   Code   RO         2855    .ARM.Collect$$libinit$$00000019  c_p.l(libinit2.o)
    0x08000146   0x00000000   Code   RO         2857    .ARM.Collect$$libinit$$0000001B  c_p.l(libinit2.o)
    0x08000146   0x00000000   Code   RO         2859    .ARM.Collect$$libinit$$0000001D  c_p.l(libinit2.o)
    0x08000146   0x00000000   Code   RO         2861    .ARM.Collect$$libinit$$0000001F  c_p.l(libinit2.o)
    0x08000146   0x00000000   Code   RO         2863    .ARM.Collect$$libinit$$00000021  c_p.l(libinit2.o)
    0x08000146   0x00000000   Code   RO         2865    .ARM.Collect$$libinit$$00000023  c_p.l(libinit2.o)
    0x08000146   0x00000000   Code   RO         2867    .ARM.Collect$$libinit$$00000025  c_p.l(libinit2.o)
    0x08000146   0x00000000   Code   RO         2871    .ARM.Collect$$libinit$$0000002C  c_p.l(libinit2.o)
    0x08000146   0x00000000   Code   RO         2873    .ARM.Collect$$libinit$$0000002E  c_p.l(libinit2.o)
    0x08000146   0x00000000   Code   RO         2875    .ARM.Collect$$libinit$$00000030  c_p.l(libinit2.o)
    0x08000146   0x00000000   Code   RO         2877    .ARM.Collect$$libinit$$00000032  c_p.l(libinit2.o)
    0x08000146   0x00000002   Code   RO         2878    .ARM.Collect$$libinit$$00000033  c_p.l(libinit2.o)
    0x08000148   0x00000002   Code   RO         3008    .ARM.Collect$$libshutdown$$00000000  c_p.l(libshutdown.o)
    0x0800014a   0x00000000   Code   RO         2966    .ARM.Collect$$libshutdown$$00000002  c_p.l(libshutdown2.o)
    0x0800014a   0x00000000   Code   RO         2968    .ARM.Collect$$libshutdown$$00000004  c_p.l(libshutdown2.o)
    0x0800014a   0x00000000   Code   RO         2971    .ARM.Collect$$libshutdown$$00000007  c_p.l(libshutdown2.o)
    0x0800014a   0x00000000   Code   RO         2974    .ARM.Collect$$libshutdown$$0000000A  c_p.l(libshutdown2.o)
    0x0800014a   0x00000000   Code   RO         2976    .ARM.Collect$$libshutdown$$0000000C  c_p.l(libshutdown2.o)
    0x0800014a   0x00000000   Code   RO         2979    .ARM.Collect$$libshutdown$$0000000F  c_p.l(libshutdown2.o)
    0x0800014a   0x00000002   Code   RO         2980    .ARM.Collect$$libshutdown$$00000010  c_p.l(libshutdown2.o)
    0x0800014c   0x00000000   Code   RO         2802    .ARM.Collect$$rtentry$$00000000  c_p.l(__rtentry.o)
    0x0800014c   0x00000000   Code   RO         2885    .ARM.Collect$$rtentry$$00000002  c_p.l(__rtentry2.o)
    0x0800014c   0x00000006   Code   RO         2897    .ARM.Collect$$rtentry$$00000004  c_p.l(__rtentry4.o)
    0x08000152   0x00000000   Code   RO         2887    .ARM.Collect$$rtentry$$00000009  c_p.l(__rtentry2.o)
    0x08000152   0x00000004   Code   RO         2888    .ARM.Collect$$rtentry$$0000000A  c_p.l(__rtentry2.o)
    0x08000156   0x00000000   Code   RO         2890    .ARM.Collect$$rtentry$$0000000C  c_p.l(__rtentry2.o)
    0x08000156   0x00000008   Code   RO         2891    .ARM.Collect$$rtentry$$0000000D  c_p.l(__rtentry2.o)
    0x0800015e   0x00000002   Code   RO         2953    .ARM.Collect$$rtexit$$00000000  c_p.l(rtexit.o)
    0x08000160   0x00000000   Code   RO         2984    .ARM.Collect$$rtexit$$00000002  c_p.l(rtexit2.o)
    0x08000160   0x00000004   Code   RO         2985    .ARM.Collect$$rtexit$$00000003  c_p.l(rtexit2.o)
    0x08000164   0x00000006   Code   RO         2986    .ARM.Collect$$rtexit$$00000004  c_p.l(rtexit2.o)
    0x0800016a   0x00000002   PAD
    0x0800016c   0x00000078   Code   RO         2416    .emb_text           port.o
    0x080001e4   0x00000038   Code   RO         2784    .emb_text           c_p.l(rt_memcpy.o)
    0x0800021c   0x00000000   Code   RO         2903    .emb_text           c_p.l(maybetermalloc1.o)
    0x0800021c   0x00000038   Code   RO            4    .text               startup_mono.o
    0x08000254   0x00000062   Code   RO         2720    .text               c_p.l(h1_alloc.o)
    0x080002b6   0x0000004c   Code   RO         2722    .text               c_p.l(h1_free.o)
    0x08000302   0x0000005a   Code   RO         2778    .text               c_p.l(memcmp.o)
    0x0800035c   0x00000082   Code   RO         2785    .text               c_p.l(rt_memcpy.o)
    0x080003de   0x00000040   Code   RO         2790    .text               c_p.l(rt_memclr.o)
    0x0800041e   0x00000006   Code   RO         2796    .text               c_p.l(heapauxi.o)
    0x08000424   0x00000008   Code   RO         2810    .text               c_p.l(rt_heap_descriptor_intlibspace.o)
    0x0800042c   0x00000004   Code   RO         2812    .text               c_p.l(hguard.o)
    0x08000430   0x00000088   Code   RO         2814    .text               c_p.l(init_alloc.o)
    0x080004b8   0x0000000e   Code   RO         2818    .text               c_p.l(h1_init.o)
    0x080004c6   0x00000002   PAD
    0x080004c8   0x00000008   Code   RO         2881    .text               c_p.l(libspace.o)
    0x080004d0   0x00000034   Code   RO         2905    .text               c_p.l(h1_extend.o)
    0x08000504   0x0000000c   Code   RO         2909    .text               c_p.l(defsig_rtmem_outer.o)
    0x08000510   0x00000002   Code   RO         2920    .text               c_p.l(use_no_semi.o)
    0x08000512   0x00000000   Code   RO         2922    .text               c_p.l(indicate_semi.o)
    0x08000512   0x0000003e   Code   RO         2923    .text               c_p.l(sys_stackheap_outer.o)
    0x08000550   0x00000010   Code   RO         2930    .text               c_p.l(exit.o)
    0x08000560   0x0000000c   Code   RO         2932    .text               c_p.l(defsig_exit.o)
    0x0800056c   0x00000050   Code   RO         2938    .text               c_p.l(defsig_rtmem_inner.o)
    0x080005bc   0x0000000c   Code   RO         2950    .text               c_p.l(sys_exit.o)
    0x080005c8   0x00000034   Code   RO         2961    .text               c_p.l(defsig_general.o)
    0x080005fc   0x0000000c   Code   RO         2981    .text               c_p.l(sys_wrch.o)
    0x08000608   0x000000fc   Code   RO          823    i.APPTask           task_app.o
    0x08000704   0x000000a4   Code   RO         1114    i.GPIO_Init         mono_gpio.o
    0x080007a8   0x0000007c   Code   RO         1657    i.Handle_USBD_INT   usbd_intr.o
    0x08000824   0x0000009c   Code   RO          730    i.KEYCODE2CONSUMER  keyprocess.o
    0x080008c0   0x0000000a   Code   RO           87    i.MatrixTask        main.o
    0x080008ca   0x00000002   Code   RO         2417    i.SVC_Handler       port.o
    0x080008cc   0x00000024   Code   RO         2418    i.SysTick_Handler   port.o
    0x080008f0   0x00000048   Code   RO           13    i.SystemInit        system_mono.o
    0x08000938   0x00000008   Code   RO         1499    i.USBD_Connect      usbd_core.o
    0x08000940   0x00000024   Code   RO         1500    i.USBD_Core_Reset   usbd_core.o
    0x08000964   0x00000018   Code   RO         1501    i.USBD_Core_Resume  usbd_core.o
    0x0800097c   0x0000001c   Code   RO         1502    i.USBD_Core_Suspend  usbd_core.o
    0x08000998   0x00000188   Code   RO         1658    i.USBD_EndPoint0    usbd_intr.o
    0x08000b20   0x00000020   Code   RO          238    i.USBD_EndPoint0_Out_HID_Req  usbd_hid.o
    0x08000b40   0x000000a0   Code   RO          239    i.USBD_EndPoint0_Setup_HID_Req  usbd_hid.o
    0x08000be0   0x000000b4   Code   RO         1505    i.USBD_EndPoint0_Setup_StdReq  usbd_core.o
    0x08000c94   0x00000020   Code   RO         1595    i.USBD_HW_ClrStallEP  usbd_hw.o
    0x08000cb4   0x00000028   Code   RO         1597    i.USBD_HW_IsStalled  usbd_hw.o
    0x08000cdc   0x00000020   Code   RO         1598    i.USBD_HW_ReadEP    usbd_hw.o
    0x08000cfc   0x00000020   Code   RO         1600    i.USBD_HW_SetStallEP  usbd_hw.o
    0x08000d1c   0x00000020   Code   RO         1601    i.USBD_HW_Transmit  usbd_hw.o
    0x08000d3c   0x00000020   Code   RO         1602    i.USBD_HW_WriteEP   usbd_hw.o
    0x08000d5c   0x00000014   Code   RO         1506    i.USBD_Init         usbd_core.o
    0x08000d70   0x00000002   Code   RO         1507    i.USBD_ReqClrFeature_MSC  usbd_core.o
    0x08000d72   0x00000002   PAD
    0x08000d74   0x0000004c   Code   RO         1508    i.USBD_StdReqGetDescriptor  usbd_core.o
    0x08000dc0   0x00000054   Code   RO         1509    i.USBD_StdReqGetStatus  usbd_core.o
    0x08000e14   0x00000050   Code   RO         1510    i.USBD_StdReqSetClrFeature  usbd_core.o
    0x08000e64   0x00000060   Code   RO         1511    i.USBD_StdReqSetConfiguration  usbd_core.o
    0x08000ec4   0x00000028   Code   RO          275    i.USBD_User_ClearConfig  usbd_user.o
    0x08000eec   0x0000003c   Code   RO          276    i.USBD_User_Connect  usbd_user.o
    0x08000f28   0x0000000c   Code   RO          279    i.USBD_User_EP1_IN  usbd_user.o
    0x08000f34   0x00000002   Code   RO          280    i.USBD_User_EP1_OUT  usbd_user.o
    0x08000f36   0x00000002   PAD
    0x08000f38   0x0000000c   Code   RO          281    i.USBD_User_EP2_IN  usbd_user.o
    0x08000f44   0x00000002   Code   RO          282    i.USBD_User_EP2_OUT  usbd_user.o
    0x08000f46   0x00000002   Code   RO          283    i.USBD_User_EP3_IN  usbd_user.o
    0x08000f48   0x00000002   Code   RO          284    i.USBD_User_EP3_OUT  usbd_user.o
    0x08000f4a   0x00000002   Code   RO          285    i.USBD_User_EP4_IN  usbd_user.o
    0x08000f4c   0x00000002   Code   RO          286    i.USBD_User_EP4_OUT  usbd_user.o
    0x08000f4e   0x00000002   PAD
    0x08000f50   0x0000002c   Code   RO          287    i.USBD_User_EndPoint0_Out  usbd_user.o
    0x08000f7c   0x0000002c   Code   RO          288    i.USBD_User_EndPoint0_Setup  usbd_user.o
    0x08000fa8   0x00000014   Code   RO          418    i.USBD_User_GetConfigDescriptor  usbd_user_desc.o
    0x08000fbc   0x0000000c   Code   RO          419    i.USBD_User_GetDeviceDescriptor  usbd_user_desc.o
    0x08000fc8   0x0000006c   Code   RO          420    i.USBD_User_GetHIDDescriptor  usbd_user_desc.o
    0x08001034   0x0000001c   Code   RO          421    i.USBD_User_GetStringDescriptor  usbd_user_desc.o
    0x08001050   0x00000014   Code   RO          463    i.USBD_User_HID_GetIdle  usbd_user_hid.o
    0x08001064   0x00000014   Code   RO          464    i.USBD_User_HID_GetProtocol  usbd_user_hid.o
    0x08001078   0x00000044   Code   RO          465    i.USBD_User_HID_GetReport  usbd_user_hid.o
    0x080010bc   0x00000014   Code   RO          466    i.USBD_User_HID_SetIdle  usbd_user_hid.o
    0x080010d0   0x00000014   Code   RO          467    i.USBD_User_HID_SetProtocol  usbd_user_hid.o
    0x080010e4   0x00000038   Code   RO          468    i.USBD_User_HID_SetReport  usbd_user_hid.o
    0x0800111c   0x00000054   Code   RO          289    i.USBD_User_Init    usbd_user.o
    0x08001170   0x00000024   Code   RO          290    i.USBD_User_Reset   usbd_user.o
    0x08001194   0x00000002   Code   RO          291    i.USBD_User_Resume  usbd_user.o
    0x08001196   0x00000002   Code   RO          292    i.USBD_User_SOF     usbd_user.o
    0x08001198   0x00000070   Code   RO          293    i.USBD_User_SetConfig  usbd_user.o
    0x08001208   0x00000008   Code   RO          294    i.USBD_User_Suspend  usbd_user.o
    0x08001210   0x00000014   Code   RO          798    i.USB_IRQHandler    task_usb.o
    0x08001224   0x0000001a   Code   RO          259    i.__ARM_common_switch8  usbd_hid.o
    0x0800123e   0x00000002   PAD
    0x08001240   0x000000a4   Code   RO          212    i._pal_lld_setgroupmode  hal_pal_lld.o
    0x080012e4   0x00000046   Code   RO          824    i.action_key_pressed  task_app.o
    0x0800132a   0x00000002   PAD
    0x0800132c   0x0000001c   Code   RO           88    i.bspInit           main.o
    0x08001348   0x00000060   Code   RO          656    i.debounce          debonce.o
    0x080013a8   0x0000003c   Code   RO          658    i.debounce_init     debonce.o
    0x080013e4   0x0000002e   Code   RO          535    i.get_real_keys     matrix.o
    0x08001412   0x00000002   PAD
    0x08001414   0x00000044   Code   RO          536    i.indicator_light   matrix.o
    0x08001458   0x0000002c   Code   RO          537    i.keycode_at_keymap_location_raw  matrix.o
    0x08001484   0x0000008c   Code   RO          825    i.keymap_key_to_action  task_app.o
    0x08001510   0x00000034   Code   RO          826    i.keymap_key_to_keycode  task_app.o
    0x08001544   0x00000020   Code   RO          538    i.led_init_pins     matrix.o
    0x08001564   0x00000020   Code   RO          539    i.led_set_close     matrix.o
    0x08001584   0x00000068   Code   RO           89    i.main              main.o
    0x080015ec   0x0000000c   Code   RO          540    i.matrix_get_row    matrix.o
    0x080015f8   0x00000038   Code   RO          541    i.matrix_init       matrix.o
    0x08001630   0x00000044   Code   RO          542    i.matrix_init_pins  matrix.o
    0x08001674   0x0000000c   Code   RO          543    i.matrix_output_unselect_delay  matrix.o
    0x08001680   0x0000006c   Code   RO          544    i.matrix_read_cols_on_row  matrix.o
    0x080016ec   0x00000074   Code   RO          545    i.matrix_scan       matrix.o
    0x08001760   0x0000010c   Code   RO          546    i.matrix_task       matrix.o
    0x0800186c   0x0000000a   Code   RO          547    i.popcount_more_than_one  matrix.o
    0x08001876   0x00000002   PAD
    0x08001878   0x00000034   Code   RO          731    i.process_clear_report  keyprocess.o
    0x080018ac   0x00000030   Code   RO          732    i.process_customer  keyprocess.o
    0x080018dc   0x00000064   Code   RO          733    i.process_key       keyprocess.o
    0x08001940   0x0000002c   Code   RO          734    i.process_mod       keyprocess.o
    0x0800196c   0x0000003c   Code   RO          735    i.process_system    keyprocess.o
    0x080019a8   0x00000058   Code   RO         2072    i.prvAddCurrentTaskToDelayedList  tasks.o
    0x08001a00   0x000000b8   Code   RO         2073    i.prvAddNewTaskToReadyList  tasks.o
    0x08001ab8   0x00000026   Code   RO         1808    i.prvCopyDataFromQueue  queue.o
    0x08001ade   0x00000070   Code   RO         1809    i.prvCopyDataToQueue  queue.o
    0x08001b4e   0x00000012   Code   RO         2074    i.prvDeleteTCB      tasks.o
    0x08001b60   0x00000048   Code   RO         2367    i.prvHeapInit       heap_4.o
    0x08001ba8   0x00000048   Code   RO         2075    i.prvIdleTask       tasks.o
    0x08001bf0   0x00000088   Code   RO         2076    i.prvInitialiseNewTask  tasks.o
    0x08001c78   0x0000004c   Code   RO         2368    i.prvInsertBlockIntoFreeList  heap_4.o
    0x08001cc4   0x0000001c   Code   RO         1810    i.prvIsQueueEmpty   queue.o
    0x08001ce0   0x00000020   Code   RO         2077    i.prvResetNextTaskUnblockTime  tasks.o
    0x08001d00   0x00000014   Code   RO         2419    i.prvTaskExitError  port.o
    0x08001d14   0x00000070   Code   RO         1811    i.prvUnlockQueue    queue.o
    0x08001d84   0x000000b0   Code   RO         2369    i.pvPortMalloc      heap_4.o
    0x08001e34   0x00000018   Code   RO         2079    i.pvTaskIncrementMutexHeldCount  tasks.o
    0x08001e4c   0x00000020   Code   RO         2420    i.pxPortInitialiseStack  port.o
    0x08001e6c   0x0000009c   Code   RO          736    i.report_send       keyprocess.o
    0x08001f08   0x0000001e   Code   RO          548    i.setPinOutput_writeHigh  matrix.o
    0x08001f26   0x00000020   Code   RO          549    i.setPinOutput_writeLow  matrix.o
    0x08001f46   0x0000000a   Code   RO          701    i.timer_read        timer.o
    0x08001f50   0x0000009c   Code   RO          659    i.transfer_matrix_values  debonce.o
    0x08001fec   0x00000028   Code   RO          550    i.unselect_row      matrix.o
    0x08002014   0x00000098   Code   RO          660    i.update_debounce_counters_and_transfer_if_expired  debonce.o
    0x080020ac   0x000000a0   Code   RO          737    i.usbd_report_send  keyprocess.o
    0x0800214c   0x00000026   Code   RO         1772    i.uxListRemove      list.o
    0x08002172   0x00000016   Code   RO         1773    i.vListInitialise   list.o
    0x08002188   0x00000006   Code   RO         1774    i.vListInitialiseItem  list.o
    0x0800218e   0x00000030   Code   RO         1775    i.vListInsert       list.o
    0x080021be   0x00000018   Code   RO         1776    i.vListInsertEnd    list.o
    0x080021d6   0x00000002   PAD
    0x080021d8   0x00000018   Code   RO         2422    i.vPortEnterCritical  port.o
    0x080021f0   0x0000001c   Code   RO         2423    i.vPortExitCritical  port.o
    0x0800220c   0x00000044   Code   RO         2370    i.vPortFree         heap_4.o
    0x08002250   0x00000018   Code   RO         2424    i.vPortYield        port.o
    0x08002268   0x00000030   Code   RO         2085    i.vTaskDelay        tasks.o
    0x08002298   0x00000010   Code   RO         2089    i.vTaskInternalSetTimeOutState  tasks.o
    0x080022a8   0x0000000c   Code   RO         2090    i.vTaskMissedYield  tasks.o
    0x080022b4   0x00000024   Code   RO         2092    i.vTaskPlaceOnEventList  tasks.o
    0x080022d8   0x00000070   Code   RO         2094    i.vTaskPriorityDisinheritAfterTimeout  tasks.o
    0x08002348   0x0000004c   Code   RO         2099    i.vTaskStartScheduler  tasks.o
    0x08002394   0x00000010   Code   RO         2101    i.vTaskSuspendAll   tasks.o
    0x080023a4   0x00000058   Code   RO         2102    i.vTaskSwitchContext  tasks.o
    0x080023fc   0x00000044   Code   RO         2425    i.xPortStartScheduler  port.o
    0x08002440   0x00000024   Code   RO         1816    i.xQueueCreateMutex  queue.o
    0x08002464   0x0000003e   Code   RO         1817    i.xQueueGenericCreate  queue.o
    0x080024a2   0x0000006c   Code   RO         1818    i.xQueueGenericReset  queue.o
    0x0800250e   0x00000106   Code   RO         1819    i.xQueueGenericSend  queue.o
    0x08002614   0x000000f0   Code   RO         1826    i.xQueueReceive     queue.o
    0x08002704   0x0000012e   Code   RO         1828    i.xQueueSemaphoreTake  queue.o
    0x08002832   0x00000002   PAD
    0x08002834   0x0000005c   Code   RO         2103    i.xTaskCheckForTimeOut  tasks.o
    0x08002890   0x0000004e   Code   RO         2104    i.xTaskCreate       tasks.o
    0x080028de   0x00000002   PAD
    0x080028e0   0x000000b0   Code   RO         2105    i.xTaskGenericNotify  tasks.o
    0x08002990   0x0000000c   Code   RO         2108    i.xTaskGetTickCount  tasks.o
    0x0800299c   0x000000bc   Code   RO         2110    i.xTaskIncrementTick  tasks.o
    0x08002a58   0x0000007c   Code   RO         2112    i.xTaskNotifyWait   tasks.o
    0x08002ad4   0x00000068   Code   RO         2113    i.xTaskPriorityDisinherit  tasks.o
    0x08002b3c   0x00000078   Code   RO         2114    i.xTaskPriorityInherit  tasks.o
    0x08002bb4   0x00000064   Code   RO         2115    i.xTaskRemoveFromEventList  tasks.o
    0x08002c18   0x000000ac   Code   RO         2116    i.xTaskResumeAll    tasks.o
    0x08002cc4   0x0000018c   Data   RO          422    .constdata          usbd_user_desc.o
    0x08002e50   0x00000004   Data   RO          423    .constdata          usbd_user_desc.o
    0x08002e54   0x0000001a   Data   RO          424    .constdata          usbd_user_desc.o
    0x08002e6e   0x0000001c   Data   RO          425    .constdata          usbd_user_desc.o
    0x08002e8a   0x00000002   PAD
    0x08002e8c   0x00000068   Data   RO          552    .constdata          matrix.o
    0x08002ef4   0x00000001   Data   RO         1513    .constdata          usbd_core.o
    0x08002ef5   0x00000001   PAD
    0x08002ef6   0x00000240   Data   RO         2483    .constdata          keymap.o
    0x08003136   0x00000002   PAD
    0x08003138   0x00000020   Data   RO         3009    Region$$Table       anon$$obj.o


    Execution Region RW_IRAM1 (Base: 0x20000000, Size: 0x00000b98, Max: 0x00001000, ABSOLUTE)

    Base Addr    Size         Type   Attr      Idx    E Section Name        Object

    0x20000000   0x00000004   Data   RW           14    .data               system_mono.o
    0x20000004   0x00000010   Data   RW           90    .data               main.o
    0x20000014   0x0000000c   Data   RW          426    .data               usbd_user_desc.o
    0x20000020   0x00000003   Data   RW          472    .data               usbd_user_hid.o
    0x20000023   0x00000003   Data   RW          473    .data               usbd_user_hid.o
    0x20000026   0x00000013   Data   RW          478    .data               usbd_user_hid.o
    0x20000039   0x00000003   PAD
    0x2000003c   0x00000004   Data   RW          479    .data               usbd_user_hid.o
    0x20000040   0x00000004   Data   RW          480    .data               usbd_user_hid.o
    0x20000044   0x0000000a   Data   RW          553    .data               matrix.o
    0x2000004e   0x00000002   PAD
    0x20000050   0x0000000c   Data   RW          661    .data               debonce.o
    0x2000005c   0x00000010   Data   RW          739    .data               keyprocess.o
    0x2000006c   0x00000011   Data   RW          827    .data               task_app.o
    0x2000007d   0x00000001   PAD
    0x2000007e   0x00000002   Data   RW         1514    .data               usbd_core.o
    0x20000080   0x00000001   Data   RW         1659    .data               usbd_intr.o
    0x20000081   0x00000003   PAD
    0x20000084   0x0000003c   Data   RW         2119    .data               tasks.o
    0x200000c0   0x00000018   Data   RW         2375    .data               heap_4.o
    0x200000d8   0x00000004   Data   RW         2426    .data               port.o
    0x200000dc   0x00000010   Zero   RW          469    .bss                usbd_user_hid.o
    0x200000ec   0x000000a0   Zero   RW          551    .bss                matrix.o
    0x2000018c   0x00000010   Zero   RW          738    .bss                keyprocess.o
    0x2000019c   0x00000014   Zero   RW         1512    .bss                usbd_core.o
    0x200001b0   0x000000c8   Zero   RW         2118    .bss                tasks.o
    0x20000278   0x000006bc   Zero   RW         2374    .bss                heap_4.o
    0x20000934   0x00000060   Zero   RW         2882    .bss                c_p.l(libspace.o)
    0x20000994   0x00000004   PAD
    0x20000998   0x00000100   Zero   RW            2    HEAP                startup_mono.o
    0x20000a98   0x00000100   Zero   RW            1    STACK               startup_mono.o


==============================================================================

Image component sizes


      Code (inc. data)   RO Data    RW Data    ZI Data      Debug   Object Name

       464         20          0         12          0       6726   debonce.o
       164          8          0          0          0       4384   hal_pal_lld.o
       392         28          0         24       1724       4215   heap_4.o
         0          0        576          0          0        734   keymap.o
       776        122          0         16         16      17340   keyprocess.o
       138          0          0          0          0       3402   list.o
       142         36          0         16          0      21712   main.o
       974         94        104         10        160      11955   matrix.o
       164          8          0          0          0       1364   mono_gpio.o
       354         58          0          4          0       6768   port.o
      1300          0          0          0          0      13861   queue.o
        56         26        192          0        512        796   startup_mono.o
        72         16          0          4          0      63883   system_mono.o
       514         44          0         17          0       3364   task_app.o
        20          4          0          0          0        533   task_usb.o
      2124        172          0         60        200      25861   tasks.o
        10          0          0          0          0        914   timer.o
       634         66          1          2         20       8877   usbd_core.o
       218         22          0          0          0       2872   usbd_hid.o
       200         32          0          0          0       4416   usbd_hw.o
       516         22          0          1          0       2679   usbd_intr.o
       468         76          0          0          0      16550   usbd_user.o
       168         24        454         12          0       4233   usbd_user_desc.o
       204         56          0         33         16       4944   usbd_user_hid.o

    ----------------------------------------------------------------------
     10092        934       1364        220       2648     232383   Object Totals
         0          0         32          0          0          0   (incl. Generated)
        20          0          5          9          0          0   (incl. Padding)

    ----------------------------------------------------------------------

      Code (inc. data)   RO Data    RW Data    ZI Data      Debug   Library Member Name

         8          0          0          0          0         68   __main.o
         0          0          0          0          0          0   __rtentry.o
        12          0          0          0          0          0   __rtentry2.o
         6          0          0          0          0          0   __rtentry4.o
        60          8          0          0          0          0   __scatter.o
        26          0          0          0          0          0   __scatter_copy.o
        28          0          0          0          0          0   __scatter_zi.o
        12          0          0          0          0         68   defsig_exit.o
        52          0          0          0          0         72   defsig_general.o
        80         58          0          0          0         68   defsig_rtmem_inner.o
        12          0          0          0          0         68   defsig_rtmem_outer.o
        16          0          0          0          0         68   exit.o
        98          0          0          0          0         72   h1_alloc.o
        52          0          0          0          0         68   h1_extend.o
        76          0          0          0          0         72   h1_free.o
        14          0          0          0          0         76   h1_init.o
         6          0          0          0          0        136   heapauxi.o
         4          0          0          0          0        120   hguard.o
         0          0          0          0          0          0   indicate_semi.o
       136          0          0          0          0        160   init_alloc.o
         2          0          0          0          0          0   libinit.o
        10          0          0          0          0          0   libinit2.o
         2          0          0          0          0          0   libshutdown.o
         2          0          0          0          0          0   libshutdown2.o
         8          4          0          0         96         68   libspace.o
         0          0          0          0          0          0   maybetermalloc1.o
        90          0          0          0          0         68   memcmp.o
         8          4          0          0          0         68   rt_heap_descriptor_intlibspace.o
        64          0          0          0          0        108   rt_memclr.o
       186          0          0          0          0        144   rt_memcpy.o
         2          0          0          0          0          0   rtexit.o
        10          0          0          0          0          0   rtexit2.o
        12          4          0          0          0         60   sys_exit.o
        62          0          0          0          0         80   sys_stackheap_outer.o
        12          0          0          0          0         68   sys_wrch.o
         2          0          0          0          0         68   use_no_semi.o

    ----------------------------------------------------------------------
      1176         78          0          0        100       1848   Library Totals
         6          0          0          0          4          0   (incl. Padding)

    ----------------------------------------------------------------------

      Code (inc. data)   RO Data    RW Data    ZI Data      Debug   Library Name

      1170         78          0          0         96       1848   c_p.l

    ----------------------------------------------------------------------
      1176         78          0          0        100       1848   Library Totals

    ----------------------------------------------------------------------

==============================================================================


      Code (inc. data)   RO Data    RW Data    ZI Data      Debug   

     11268       1012       1364        220       2748     227251   Grand Totals
     11268       1012       1364        220       2748     227251   ELF Image Totals
     11268       1012       1364        220          0          0   ROM Totals

==============================================================================

    Total RO  Size (Code + RO Data)                12632 (  12.34kB)
    Total RW  Size (RW Data + ZI Data)              2968 (   2.90kB)
    Total ROM Size (Code + RO Data + RW Data)      12852 (  12.55kB)

==============================================================================

